<?xml version="1.0" encoding="ISO-8859-1" ?>
<link_info>
   <banner>TI ARM Linker PC v20.2.7.LTS</banner>
   <copyright>Copyright (c) 1996-2018 Texas Instruments Incorporated</copyright>
   <link_time>0x643e0233</link_time>
   <link_errors>0x0</link_errors>
   <output_file>gpiointerrupt_CC3220SF_LAUNCHXL_nortos_ccs.out</output_file>
   <entry_point>
      <name>resetISR</name>
      <address>0x100681d</address>
   </entry_point>
   <input_file_list>
      <input_file id="fl-2">
         <path>.\</path>
         <kind>object</kind>
         <file>gpiointerrupt.obj</file>
         <name>gpiointerrupt.obj</name>
      </input_file>
      <input_file id="fl-3">
         <path>.\syscfg\</path>
         <kind>object</kind>
         <file>ti_drivers_config.obj</file>
         <name>ti_drivers_config.obj</name>
      </input_file>
      <input_file id="fl-4">
         <path>.\</path>
         <kind>object</kind>
         <file>main_nortos.obj</file>
         <name>main_nortos.obj</name>
      </input_file>
      <input_file id="fl-d">
         <kind>object</kind>
         <file>&lt;internal&gt;</file>
         <name>&lt;internal&gt;</name>
      </input_file>
      <input_file id="fl-e">
         <path>C:\ti\simplelink_cc32xx_sdk_6_10_00_05\source\ti\drivers\lib\ccs\m4\</path>
         <kind>archive</kind>
         <file>drivers_cc32xx.a</file>
         <name>GPIO.oem4</name>
      </input_file>
      <input_file id="fl-f">
         <path>C:\ti\simplelink_cc32xx_sdk_6_10_00_05\source\ti\drivers\lib\ccs\m4\</path>
         <kind>archive</kind>
         <file>drivers_cc32xx.a</file>
         <name>I2C.oem4</name>
      </input_file>
      <input_file id="fl-10">
         <path>C:\ti\simplelink_cc32xx_sdk_6_10_00_05\source\ti\drivers\lib\ccs\m4\</path>
         <kind>archive</kind>
         <file>drivers_cc32xx.a</file>
         <name>Timer.oem4</name>
      </input_file>
      <input_file id="fl-11">
         <path>C:\ti\simplelink_cc32xx_sdk_6_10_00_05\source\ti\drivers\lib\ccs\m4\</path>
         <kind>archive</kind>
         <file>drivers_cc32xx.a</file>
         <name>UART.oem4</name>
      </input_file>
      <input_file id="fl-12">
         <path>C:\ti\simplelink_cc32xx_sdk_6_10_00_05\source\ti\drivers\lib\ccs\m4\</path>
         <kind>archive</kind>
         <file>drivers_cc32xx.a</file>
         <name>GPIOCC32XX.oem4</name>
      </input_file>
      <input_file id="fl-13">
         <path>C:\ti\simplelink_cc32xx_sdk_6_10_00_05\source\ti\drivers\lib\ccs\m4\</path>
         <kind>archive</kind>
         <file>drivers_cc32xx.a</file>
         <name>I2CCC32XX.oem4</name>
      </input_file>
      <input_file id="fl-14">
         <path>C:\ti\simplelink_cc32xx_sdk_6_10_00_05\source\ti\drivers\lib\ccs\m4\</path>
         <kind>archive</kind>
         <file>drivers_cc32xx.a</file>
         <name>PowerCC32XX.oem4</name>
      </input_file>
      <input_file id="fl-15">
         <path>C:\ti\simplelink_cc32xx_sdk_6_10_00_05\source\ti\drivers\lib\ccs\m4\</path>
         <kind>archive</kind>
         <file>drivers_cc32xx.a</file>
         <name>PowerCC32XX_asm.oem4</name>
      </input_file>
      <input_file id="fl-16">
         <path>C:\ti\simplelink_cc32xx_sdk_6_10_00_05\source\ti\drivers\lib\ccs\m4\</path>
         <kind>archive</kind>
         <file>drivers_cc32xx.a</file>
         <name>TimerCC32XX.oem4</name>
      </input_file>
      <input_file id="fl-17">
         <path>C:\ti\simplelink_cc32xx_sdk_6_10_00_05\source\ti\drivers\lib\ccs\m4\</path>
         <kind>archive</kind>
         <file>drivers_cc32xx.a</file>
         <name>UARTCC32XX.oem4</name>
      </input_file>
      <input_file id="fl-18">
         <path>C:\ti\simplelink_cc32xx_sdk_6_10_00_05\source\ti\drivers\lib\ccs\m4\</path>
         <kind>archive</kind>
         <file>drivers_cc32xx.a</file>
         <name>List.oem4</name>
      </input_file>
      <input_file id="fl-19">
         <path>C:\ti\simplelink_cc32xx_sdk_6_10_00_05\source\ti\drivers\lib\ccs\m4\</path>
         <kind>archive</kind>
         <file>drivers_cc32xx.a</file>
         <name>RingBuf.oem4</name>
      </input_file>
      <input_file id="fl-1a">
         <path>C:\ti\simplelink_cc32xx_sdk_6_10_00_05\kernel\nortos\lib\ccs\m4\</path>
         <kind>archive</kind>
         <file>nortos_cc32xx.a</file>
         <name>NoRTOS.oem4</name>
      </input_file>
      <input_file id="fl-1b">
         <path>C:\ti\simplelink_cc32xx_sdk_6_10_00_05\kernel\nortos\lib\ccs\m4\</path>
         <kind>archive</kind>
         <file>nortos_cc32xx.a</file>
         <name>SemaphoreP_nortos.oem4</name>
      </input_file>
      <input_file id="fl-1c">
         <path>C:\ti\simplelink_cc32xx_sdk_6_10_00_05\kernel\nortos\lib\ccs\m4\</path>
         <kind>archive</kind>
         <file>nortos_cc32xx.a</file>
         <name>ClockPSysTick_nortos.oem4</name>
      </input_file>
      <input_file id="fl-1d">
         <path>C:\ti\simplelink_cc32xx_sdk_6_10_00_05\kernel\nortos\lib\ccs\m4\</path>
         <kind>archive</kind>
         <file>nortos_cc32xx.a</file>
         <name>HwiPCC32XX_nortos.oem4</name>
      </input_file>
      <input_file id="fl-1e">
         <path>C:\ti\simplelink_cc32xx_sdk_6_10_00_05\kernel\nortos\lib\ccs\m4\</path>
         <kind>archive</kind>
         <file>nortos_cc32xx.a</file>
         <name>PowerCC32XX_nortos.oem4</name>
      </input_file>
      <input_file id="fl-1f">
         <path>C:\ti\simplelink_cc32xx_sdk_6_10_00_05\kernel\nortos\lib\ccs\m4\</path>
         <kind>archive</kind>
         <file>nortos_cc32xx.a</file>
         <name>startup_cc32xx_ccs.oem4</name>
      </input_file>
      <input_file id="fl-20">
         <path>C:\ti\simplelink_cc32xx_sdk_6_10_00_05\kernel\nortos\lib\ccs\m4\</path>
         <kind>archive</kind>
         <file>nortos_cc32xx.a</file>
         <name>SwiP_nortos.oem4</name>
      </input_file>
      <input_file id="fl-21">
         <path>C:\ti\simplelink_cc32xx_sdk_6_10_00_05\kernel\nortos\lib\ccs\m4\</path>
         <kind>archive</kind>
         <file>nortos_cc32xx.a</file>
         <name>QueueP_nortos.oem4</name>
      </input_file>
      <input_file id="fl-22">
         <path>C:\ti\simplelink_cc32xx_sdk_6_10_00_05\source\ti\devices\cc32xx\driverlib\ccs\Release\</path>
         <kind>archive</kind>
         <file>driverlib.a</file>
         <name>cpu.obj</name>
      </input_file>
      <input_file id="fl-23">
         <path>C:\ti\simplelink_cc32xx_sdk_6_10_00_05\source\ti\devices\cc32xx\driverlib\ccs\Release\</path>
         <kind>archive</kind>
         <file>driverlib.a</file>
         <name>i2c.obj</name>
      </input_file>
      <input_file id="fl-24">
         <path>C:\ti\simplelink_cc32xx_sdk_6_10_00_05\source\ti\devices\cc32xx\driverlib\ccs\Release\</path>
         <kind>archive</kind>
         <file>driverlib.a</file>
         <name>interrupt.obj</name>
      </input_file>
      <input_file id="fl-25">
         <path>C:\ti\simplelink_cc32xx_sdk_6_10_00_05\source\ti\devices\cc32xx\driverlib\ccs\Release\</path>
         <kind>archive</kind>
         <file>driverlib.a</file>
         <name>pin.obj</name>
      </input_file>
      <input_file id="fl-26">
         <path>C:\ti\simplelink_cc32xx_sdk_6_10_00_05\source\ti\devices\cc32xx\driverlib\ccs\Release\</path>
         <kind>archive</kind>
         <file>driverlib.a</file>
         <name>prcm.obj</name>
      </input_file>
      <input_file id="fl-27">
         <path>C:\ti\simplelink_cc32xx_sdk_6_10_00_05\source\ti\devices\cc32xx\driverlib\ccs\Release\</path>
         <kind>archive</kind>
         <file>driverlib.a</file>
         <name>timer.obj</name>
      </input_file>
      <input_file id="fl-28">
         <path>C:\ti\simplelink_cc32xx_sdk_6_10_00_05\source\ti\devices\cc32xx\driverlib\ccs\Release\</path>
         <kind>archive</kind>
         <file>driverlib.a</file>
         <name>uart.obj</name>
      </input_file>
      <input_file id="fl-29">
         <path>C:\ti\simplelink_cc32xx_sdk_6_10_00_05\source\ti\devices\cc32xx\driverlib\ccs\Release\</path>
         <kind>archive</kind>
         <file>driverlib.a</file>
         <name>utils.obj</name>
      </input_file>
      <input_file id="fl-2a">
         <path>C:\ti\simplelink_cc32xx_sdk_6_10_00_05\source\ti\devices\cc32xx\driverlib\ccs\Release\</path>
         <kind>archive</kind>
         <file>driverlib.a</file>
         <name>flash.obj</name>
      </input_file>
      <input_file id="fl-e0">
         <path>C:\ti\ccs1220\ccs\tools\compiler\ti-cgt-arm_20.2.7.LTS\lib\</path>
         <kind>archive</kind>
         <file>rtsv7M4_T_le_eabi.lib</file>
         <name>snprintf.c.obj</name>
      </input_file>
      <input_file id="fl-e1">
         <path>C:\ti\ccs1220\ccs\tools\compiler\ti-cgt-arm_20.2.7.LTS\lib\</path>
         <kind>archive</kind>
         <file>rtsv7M4_T_le_eabi.lib</file>
         <name>fs_mul_t2.asm.obj</name>
      </input_file>
      <input_file id="fl-e2">
         <path>C:\ti\ccs1220\ccs\tools\compiler\ti-cgt-arm_20.2.7.LTS\lib\</path>
         <kind>archive</kind>
         <file>rtsv7M4_T_le_eabi.lib</file>
         <name>fs_toi_t2.asm.obj</name>
      </input_file>
      <input_file id="fl-e3">
         <path>C:\ti\ccs1220\ccs\tools\compiler\ti-cgt-arm_20.2.7.LTS\lib\</path>
         <kind>archive</kind>
         <file>rtsv7M4_T_le_eabi.lib</file>
         <name>i_tofs_t2.asm.obj</name>
      </input_file>
      <input_file id="fl-e4">
         <path>C:\ti\ccs1220\ccs\tools\compiler\ti-cgt-arm_20.2.7.LTS\lib\</path>
         <kind>archive</kind>
         <file>rtsv7M4_T_le_eabi.lib</file>
         <name>ll_mul_t2.asm.obj</name>
      </input_file>
      <input_file id="fl-e5">
         <path>C:\ti\ccs1220\ccs\tools\compiler\ti-cgt-arm_20.2.7.LTS\lib\</path>
         <kind>archive</kind>
         <file>rtsv7M4_T_le_eabi.lib</file>
         <name>memcpy_t2.asm.obj</name>
      </input_file>
      <input_file id="fl-e6">
         <path>C:\ti\ccs1220\ccs\tools\compiler\ti-cgt-arm_20.2.7.LTS\lib\</path>
         <kind>archive</kind>
         <file>rtsv7M4_T_le_eabi.lib</file>
         <name>ull_div_t2.asm.obj</name>
      </input_file>
      <input_file id="fl-e7">
         <path>C:\ti\ccs1220\ccs\tools\compiler\ti-cgt-arm_20.2.7.LTS\lib\</path>
         <kind>archive</kind>
         <file>rtsv7M4_T_le_eabi.lib</file>
         <name>copy_zero_init.c.obj</name>
      </input_file>
      <input_file id="fl-e8">
         <path>C:\ti\ccs1220\ccs\tools\compiler\ti-cgt-arm_20.2.7.LTS\lib\</path>
         <kind>archive</kind>
         <file>rtsv7M4_T_le_eabi.lib</file>
         <name>copy_decompress_none.c.obj</name>
      </input_file>
      <input_file id="fl-e9">
         <path>C:\ti\ccs1220\ccs\tools\compiler\ti-cgt-arm_20.2.7.LTS\lib\</path>
         <kind>archive</kind>
         <file>rtsv7M4_T_le_eabi.lib</file>
         <name>copy_decompress_lzss.c.obj</name>
      </input_file>
      <input_file id="fl-ea">
         <path>C:\ti\ccs1220\ccs\tools\compiler\ti-cgt-arm_20.2.7.LTS\lib\</path>
         <kind>archive</kind>
         <file>rtsv7M4_T_le_eabi.lib</file>
         <name>memory.c.obj</name>
      </input_file>
      <input_file id="fl-eb">
         <path>C:\ti\ccs1220\ccs\tools\compiler\ti-cgt-arm_20.2.7.LTS\lib\</path>
         <kind>archive</kind>
         <file>rtsv7M4_T_le_eabi.lib</file>
         <name>boot_cortex_m.c.obj</name>
      </input_file>
      <input_file id="fl-ec">
         <path>C:\ti\ccs1220\ccs\tools\compiler\ti-cgt-arm_20.2.7.LTS\lib\</path>
         <kind>archive</kind>
         <file>rtsv7M4_T_le_eabi.lib</file>
         <name>_printfi.c.obj</name>
      </input_file>
      <input_file id="fl-ed">
         <path>C:\ti\ccs1220\ccs\tools\compiler\ti-cgt-arm_20.2.7.LTS\lib\</path>
         <kind>archive</kind>
         <file>rtsv7M4_T_le_eabi.lib</file>
         <name>div0.asm.obj</name>
      </input_file>
      <input_file id="fl-ee">
         <path>C:\ti\ccs1220\ccs\tools\compiler\ti-cgt-arm_20.2.7.LTS\lib\</path>
         <kind>archive</kind>
         <file>rtsv7M4_T_le_eabi.lib</file>
         <name>fd_add_t2.asm.obj</name>
      </input_file>
      <input_file id="fl-ef">
         <path>C:\ti\ccs1220\ccs\tools\compiler\ti-cgt-arm_20.2.7.LTS\lib\</path>
         <kind>archive</kind>
         <file>rtsv7M4_T_le_eabi.lib</file>
         <name>fd_cmp_t2.asm.obj</name>
      </input_file>
      <input_file id="fl-f0">
         <path>C:\ti\ccs1220\ccs\tools\compiler\ti-cgt-arm_20.2.7.LTS\lib\</path>
         <kind>archive</kind>
         <file>rtsv7M4_T_le_eabi.lib</file>
         <name>fd_div_t2.asm.obj</name>
      </input_file>
      <input_file id="fl-f1">
         <path>C:\ti\ccs1220\ccs\tools\compiler\ti-cgt-arm_20.2.7.LTS\lib\</path>
         <kind>archive</kind>
         <file>rtsv7M4_T_le_eabi.lib</file>
         <name>fd_mul_t2.asm.obj</name>
      </input_file>
      <input_file id="fl-f2">
         <path>C:\ti\ccs1220\ccs\tools\compiler\ti-cgt-arm_20.2.7.LTS\lib\</path>
         <kind>archive</kind>
         <file>rtsv7M4_T_le_eabi.lib</file>
         <name>fd_toi_t2.asm.obj</name>
      </input_file>
      <input_file id="fl-f3">
         <path>C:\ti\ccs1220\ccs\tools\compiler\ti-cgt-arm_20.2.7.LTS\lib\</path>
         <kind>archive</kind>
         <file>rtsv7M4_T_le_eabi.lib</file>
         <name>i_tofd_t2.asm.obj</name>
      </input_file>
      <input_file id="fl-f4">
         <path>C:\ti\ccs1220\ccs\tools\compiler\ti-cgt-arm_20.2.7.LTS\lib\</path>
         <kind>archive</kind>
         <file>rtsv7M4_T_le_eabi.lib</file>
         <name>memset_t2.asm.obj</name>
      </input_file>
      <input_file id="fl-f5">
         <path>C:\ti\ccs1220\ccs\tools\compiler\ti-cgt-arm_20.2.7.LTS\lib\</path>
         <kind>archive</kind>
         <file>rtsv7M4_T_le_eabi.lib</file>
         <name>autoinit.c.obj</name>
      </input_file>
      <input_file id="fl-f6">
         <path>C:\ti\ccs1220\ccs\tools\compiler\ti-cgt-arm_20.2.7.LTS\lib\</path>
         <kind>archive</kind>
         <file>rtsv7M4_T_le_eabi.lib</file>
         <name>pre_init.c.obj</name>
      </input_file>
      <input_file id="fl-f7">
         <path>C:\ti\ccs1220\ccs\tools\compiler\ti-cgt-arm_20.2.7.LTS\lib\</path>
         <kind>archive</kind>
         <file>rtsv7M4_T_le_eabi.lib</file>
         <name>cpy_tbl.c.obj</name>
      </input_file>
      <input_file id="fl-f8">
         <path>C:\ti\ccs1220\ccs\tools\compiler\ti-cgt-arm_20.2.7.LTS\lib\</path>
         <kind>archive</kind>
         <file>rtsv7M4_T_le_eabi.lib</file>
         <name>exit.c.obj</name>
      </input_file>
      <input_file id="fl-f9">
         <path>C:\ti\ccs1220\ccs\tools\compiler\ti-cgt-arm_20.2.7.LTS\lib\</path>
         <kind>archive</kind>
         <file>rtsv7M4_T_le_eabi.lib</file>
         <name>_lock.c.obj</name>
      </input_file>
      <input_file id="fl-fa">
         <path>C:\ti\ccs1220\ccs\tools\compiler\ti-cgt-arm_20.2.7.LTS\lib\</path>
         <kind>archive</kind>
         <file>rtsv7M4_T_le_eabi.lib</file>
         <name>_ltoa.c.obj</name>
      </input_file>
      <input_file id="fl-fb">
         <path>C:\ti\ccs1220\ccs\tools\compiler\ti-cgt-arm_20.2.7.LTS\lib\</path>
         <kind>archive</kind>
         <file>rtsv7M4_T_le_eabi.lib</file>
         <name>args_main.c.obj</name>
      </input_file>
      <input_file id="fl-fc">
         <path>C:\ti\ccs1220\ccs\tools\compiler\ti-cgt-arm_20.2.7.LTS\lib\</path>
         <kind>archive</kind>
         <file>rtsv7M4_T_le_eabi.lib</file>
         <name>atoi.c.obj</name>
      </input_file>
      <input_file id="fl-fd">
         <path>C:\ti\ccs1220\ccs\tools\compiler\ti-cgt-arm_20.2.7.LTS\lib\</path>
         <kind>archive</kind>
         <file>rtsv7M4_T_le_eabi.lib</file>
         <name>ctype.c.obj</name>
      </input_file>
      <input_file id="fl-fe">
         <path>C:\ti\ccs1220\ccs\tools\compiler\ti-cgt-arm_20.2.7.LTS\lib\</path>
         <kind>archive</kind>
         <file>rtsv7M4_T_le_eabi.lib</file>
         <name>memccpy.c.obj</name>
      </input_file>
      <input_file id="fl-ff">
         <path>C:\ti\ccs1220\ccs\tools\compiler\ti-cgt-arm_20.2.7.LTS\lib\</path>
         <kind>archive</kind>
         <file>rtsv7M4_T_le_eabi.lib</file>
         <name>strchr.c.obj</name>
      </input_file>
      <input_file id="fl-100">
         <path>C:\ti\ccs1220\ccs\tools\compiler\ti-cgt-arm_20.2.7.LTS\lib\</path>
         <kind>archive</kind>
         <file>rtsv7M4_T_le_eabi.lib</file>
         <name>strlen.c.obj</name>
      </input_file>
      <input_file id="fl-101">
         <path>C:\ti\ccs1220\ccs\tools\compiler\ti-cgt-arm_20.2.7.LTS\lib\</path>
         <kind>archive</kind>
         <file>rtsv7M4_T_le_eabi.lib</file>
         <name>errno.c.obj</name>
      </input_file>
      <input_file id="fl-102">
         <path>C:\ti\ccs1220\ccs\tools\compiler\ti-cgt-arm_20.2.7.LTS\lib\</path>
         <kind>archive</kind>
         <file>rtsv7M4_T_le_eabi.lib</file>
         <name>wcslen.c.obj</name>
      </input_file>
      <input_file id="fl-103">
         <path>C:\ti\ccs1220\ccs\tools\compiler\ti-cgt-arm_20.2.7.LTS\lib\</path>
         <kind>archive</kind>
         <file>rtsv7M4_T_le_eabi.lib</file>
         <name>s_frexp.c.obj</name>
      </input_file>
      <input_file id="fl-104">
         <path>C:\ti\ccs1220\ccs\tools\compiler\ti-cgt-arm_20.2.7.LTS\lib\</path>
         <kind>archive</kind>
         <file>rtsv7M4_T_le_eabi.lib</file>
         <name>s_scalbn.c.obj</name>
      </input_file>
      <input_file id="fl-105">
         <path>C:\ti\ccs1220\ccs\tools\compiler\ti-cgt-arm_20.2.7.LTS\lib\</path>
         <kind>archive</kind>
         <file>rtsv7M4_T_le_eabi.lib</file>
         <name>s_copysign.c.obj</name>
      </input_file>
   </input_file_list>
   <object_component_list>
      <object_component id="oc-486">
         <name>.text:__TI_printfi</name>
         <load_address>0x1000840</load_address>
         <run_address>0x1000840</run_address>
         <size>0xa4e</size>
         <input_file_ref idref="fl-ec"/>
      </object_component>
      <object_component id="oc-1ef">
         <name>.text:Board_initHook</name>
         <load_address>0x100128e</load_address>
         <run_address>0x100128e</run_address>
         <size>0x2</size>
         <input_file_ref idref="fl-3"/>
      </object_component>
      <object_component id="oc-1dd">
         <name>.text:PRCMCC3200MCUInit</name>
         <load_address>0x1001290</load_address>
         <run_address>0x1001290</run_address>
         <size>0x42c</size>
         <input_file_ref idref="fl-26"/>
      </object_component>
      <object_component id="oc-824">
         <name>.text:UARTCC32XX_open</name>
         <load_address>0x10016bc</load_address>
         <run_address>0x10016bc</run_address>
         <size>0x288</size>
         <input_file_ref idref="fl-17"/>
      </object_component>
      <object_component id="oc-663">
         <name>.text:_pconv_a</name>
         <load_address>0x1001944</load_address>
         <run_address>0x1001944</run_address>
         <size>0x268</size>
         <input_file_ref idref="fl-ec"/>
      </object_component>
      <object_component id="oc-651">
         <name>.text:_pconv_g</name>
         <load_address>0x1001bac</load_address>
         <run_address>0x1001bac</run_address>
         <size>0x1cc</size>
         <input_file_ref idref="fl-ec"/>
      </object_component>
      <object_component id="oc-203">
         <name>.text:initI2C</name>
         <load_address>0x1001d78</load_address>
         <run_address>0x1001d78</run_address>
         <size>0x1c8</size>
         <input_file_ref idref="fl-2"/>
      </object_component>
      <object_component id="oc-87e">
         <name>.text</name>
         <load_address>0x1001f40</load_address>
         <run_address>0x1001f40</run_address>
         <size>0x1b6</size>
         <input_file_ref idref="fl-ee"/>
      </object_component>
      <object_component id="oc-327">
         <name>.text:I2C_init</name>
         <load_address>0x10020f6</load_address>
         <run_address>0x10020f6</run_address>
         <size>0x2</size>
         <input_file_ref idref="fl-f"/>
      </object_component>
      <object_component id="oc-3c6">
         <name>.text:PowerCC32XX_sleepPolicy</name>
         <load_address>0x10020f8</load_address>
         <run_address>0x10020f8</run_address>
         <size>0x1a0</size>
         <input_file_ref idref="fl-1e"/>
      </object_component>
      <object_component id="oc-2c5">
         <name>.text:GPIO_setConfig</name>
         <load_address>0x1002298</load_address>
         <run_address>0x1002298</run_address>
         <size>0x154</size>
         <input_file_ref idref="fl-12"/>
      </object_component>
      <object_component id="oc-4d3">
         <name>.text:I2CCC32XX_hwiFxn</name>
         <load_address>0x10023ec</load_address>
         <run_address>0x10023ec</run_address>
         <size>0x148</size>
         <input_file_ref idref="fl-13"/>
      </object_component>
      <object_component id="oc-7bc">
         <name>.text:parkPins</name>
         <load_address>0x1002534</load_address>
         <run_address>0x1002534</run_address>
         <size>0x148</size>
         <input_file_ref idref="fl-14"/>
      </object_component>
      <object_component id="oc-65d">
         <name>.text:_pconv_e</name>
         <load_address>0x100267c</load_address>
         <run_address>0x100267c</run_address>
         <size>0x13c</size>
         <input_file_ref idref="fl-ec"/>
      </object_component>
      <object_component id="oc-5a9">
         <name>.text:Power_sleep</name>
         <load_address>0x10027b8</load_address>
         <run_address>0x10027b8</run_address>
         <size>0x138</size>
         <input_file_ref idref="fl-14"/>
      </object_component>
      <object_component id="oc-34f">
         <name>.text:Timer_open</name>
         <load_address>0x10028f0</load_address>
         <run_address>0x10028f0</run_address>
         <size>0x138</size>
         <input_file_ref idref="fl-16"/>
      </object_component>
      <object_component id="oc-864">
         <name>.text</name>
         <load_address>0x1002a28</load_address>
         <run_address>0x1002a28</run_address>
         <size>0x136</size>
         <input_file_ref idref="fl-f0"/>
      </object_component>
      <object_component id="oc-4e1">
         <name>.text:I2C_transferTimeout</name>
         <load_address>0x1002b5e</load_address>
         <run_address>0x1002b5e</run_address>
         <size>0x122</size>
         <input_file_ref idref="fl-f"/>
      </object_component>
      <object_component id="oc-812">
         <name>.text:UARTCC32XX_close</name>
         <load_address>0x1002c80</load_address>
         <run_address>0x1002c80</run_address>
         <size>0x120</size>
         <input_file_ref idref="fl-17"/>
      </object_component>
      <object_component id="oc-890">
         <name>.text:fcvt</name>
         <load_address>0x1002da0</load_address>
         <run_address>0x1002da0</run_address>
         <size>0x120</size>
         <input_file_ref idref="fl-ec"/>
      </object_component>
      <object_component id="oc-801">
         <name>.text:aligned_alloc</name>
         <load_address>0x1002ec0</load_address>
         <run_address>0x1002ec0</run_address>
         <size>0x100</size>
         <input_file_ref idref="fl-ea"/>
      </object_component>
      <object_component id="oc-333">
         <name>.text:I2C_open</name>
         <load_address>0x1002fc0</load_address>
         <run_address>0x1002fc0</run_address>
         <size>0xfc</size>
         <input_file_ref idref="fl-13"/>
      </object_component>
      <object_component id="oc-85f">
         <name>.text</name>
         <load_address>0x10030bc</load_address>
         <run_address>0x10030bc</run_address>
         <size>0xfc</size>
         <input_file_ref idref="fl-f1"/>
      </object_component>
      <object_component id="oc-818">
         <name>.text:UARTCC32XX_control</name>
         <load_address>0x10031b8</load_address>
         <run_address>0x10031b8</run_address>
         <size>0xf2</size>
         <input_file_ref idref="fl-17"/>
      </object_component>
      <object_component id="oc-3c0">
         <name>.text:PowerCC32XX_initPolicy</name>
         <load_address>0x10032aa</load_address>
         <run_address>0x10032aa</run_address>
         <size>0x2</size>
         <input_file_ref idref="fl-1e"/>
      </object_component>
      <object_component id="oc-53f">
         <name>.text:readTemp</name>
         <load_address>0x10032ac</load_address>
         <run_address>0x10032ac</run_address>
         <size>0xec</size>
         <input_file_ref idref="fl-2"/>
      </object_component>
      <object_component id="oc-3e2">
         <name>.text:free</name>
         <load_address>0x1003398</load_address>
         <run_address>0x1003398</run_address>
         <size>0xe4</size>
         <input_file_ref idref="fl-ea"/>
      </object_component>
      <object_component id="oc-8a4">
         <name>.text:scalbn</name>
         <load_address>0x100347c</load_address>
         <run_address>0x100347c</run_address>
         <size>0xd0</size>
         <input_file_ref idref="fl-104"/>
      </object_component>
      <object_component id="oc-83c">
         <name>.text:UARTCC32XX_write</name>
         <load_address>0x100354c</load_address>
         <run_address>0x100354c</run_address>
         <size>0xca</size>
         <input_file_ref idref="fl-17"/>
      </object_component>
      <object_component id="oc-725">
         <name>.text:SemaphoreP_destruct</name>
         <load_address>0x1003616</load_address>
         <run_address>0x1003616</run_address>
         <size>0x2</size>
         <input_file_ref idref="fl-1b"/>
      </object_component>
      <object_component id="oc-7d9">
         <name>.text:restoreParkedPins</name>
         <load_address>0x1003618</load_address>
         <run_address>0x1003618</run_address>
         <size>0xc0</size>
         <input_file_ref idref="fl-14"/>
      </object_component>
      <object_component id="oc-830">
         <name>.text:UARTCC32XX_readPolling</name>
         <load_address>0x10036d8</load_address>
         <run_address>0x10036d8</run_address>
         <size>0xba</size>
         <input_file_ref idref="fl-17"/>
      </object_component>
      <object_component id="oc-343">
         <name>.text:Timer_init</name>
         <load_address>0x1003792</load_address>
         <run_address>0x1003792</run_address>
         <size>0x2</size>
         <input_file_ref idref="fl-10"/>
      </object_component>
      <object_component id="oc-9f4">
         <name>.text:initHw</name>
         <load_address>0x1003794</load_address>
         <run_address>0x1003794</run_address>
         <size>0xb8</size>
         <input_file_ref idref="fl-17"/>
      </object_component>
      <object_component id="oc-ac0">
         <name>.text:readTaskCallback</name>
         <load_address>0x100384c</load_address>
         <run_address>0x100384c</run_address>
         <size>0xb6</size>
         <input_file_ref idref="fl-17"/>
      </object_component>
      <object_component id="oc-6d6">
         <name>.text:I2CCC32XX_completeTransfer</name>
         <load_address>0x1003902</load_address>
         <run_address>0x1003902</run_address>
         <size>0xb2</size>
         <input_file_ref idref="fl-13"/>
      </object_component>
      <object_component id="oc-646">
         <name>.text:_ltostr</name>
         <load_address>0x10039b4</load_address>
         <run_address>0x10039b4</run_address>
         <size>0xb1</size>
         <input_file_ref idref="fl-ec"/>
      </object_component>
      <object_component id="oc-aae">
         <name>.text:readTaskBlocking</name>
         <load_address>0x1003a66</load_address>
         <run_address>0x1003a66</run_address>
         <size>0xb0</size>
         <input_file_ref idref="fl-17"/>
      </object_component>
      <object_component id="oc-ab4">
         <name>.text:readIsrTextBlocking</name>
         <load_address>0x1003b16</load_address>
         <run_address>0x1003b16</run_address>
         <size>0xae</size>
         <input_file_ref idref="fl-17"/>
      </object_component>
      <object_component id="oc-6c4">
         <name>.text:I2CCC32XX_primeWriteBurst</name>
         <load_address>0x1003bc4</load_address>
         <run_address>0x1003bc4</run_address>
         <size>0xa8</size>
         <input_file_ref idref="fl-13"/>
      </object_component>
      <object_component id="oc-b6">
         <name>.text:IntEnable</name>
         <load_address>0x1003c6c</load_address>
         <run_address>0x1003c6c</run_address>
         <size>0xa8</size>
         <input_file_ref idref="fl-24"/>
      </object_component>
      <object_component id="oc-29a">
         <name>.text:PowerCC32XX_configureWakeup</name>
         <load_address>0x1003d14</load_address>
         <run_address>0x1003d14</run_address>
         <size>0xa8</size>
         <input_file_ref idref="fl-14"/>
      </object_component>
      <object_component id="oc-20f">
         <name>.text:initTasks</name>
         <load_address>0x1003dbc</load_address>
         <run_address>0x1003dbc</run_address>
         <size>0xa4</size>
         <input_file_ref idref="fl-2"/>
      </object_component>
      <object_component id="oc-ac6">
         <name>.text:readIsrTextCallback</name>
         <load_address>0x1003e60</load_address>
         <run_address>0x1003e60</run_address>
         <size>0xa2</size>
         <input_file_ref idref="fl-17"/>
      </object_component>
      <object_component id="oc-a2b">
         <name>.text:writeData</name>
         <load_address>0x1003f02</load_address>
         <run_address>0x1003f02</run_address>
         <size>0xa2</size>
         <input_file_ref idref="fl-17"/>
      </object_component>
      <object_component id="oc-2bf">
         <name>.text:SemaphoreP_pend</name>
         <load_address>0x1003fa4</load_address>
         <run_address>0x1003fa4</run_address>
         <size>0xa0</size>
         <input_file_ref idref="fl-1b"/>
      </object_component>
      <object_component id="oc-4c1">
         <name>.text:I2CCC32XX_initHw</name>
         <load_address>0x1004044</load_address>
         <run_address>0x1004044</run_address>
         <size>0x9c</size>
         <input_file_ref idref="fl-13"/>
      </object_component>
      <object_component id="oc-3c">
         <name>.text</name>
         <load_address>0x10040e0</load_address>
         <run_address>0x10040e0</run_address>
         <size>0x9c</size>
         <input_file_ref idref="fl-e5"/>
      </object_component>
      <object_component id="oc-5a4">
         <name>.text</name>
         <load_address>0x100417c</load_address>
         <run_address>0x100417c</run_address>
         <size>0x96</size>
         <input_file_ref idref="fl-e6"/>
      </object_component>
      <object_component id="oc-81e">
         <name>.text:UARTCC32XX_init</name>
         <load_address>0x1004212</load_address>
         <run_address>0x1004212</run_address>
         <size>0x2</size>
         <input_file_ref idref="fl-17"/>
      </object_component>
      <object_component id="oc-1e9">
         <name>.text:GPIO_init</name>
         <load_address>0x1004214</load_address>
         <run_address>0x1004214</run_address>
         <size>0x90</size>
         <input_file_ref idref="fl-12"/>
      </object_component>
      <object_component id="oc-7cd">
         <name>.text:restoreNVICRegs</name>
         <load_address>0x10042a4</load_address>
         <run_address>0x10042a4</run_address>
         <size>0x90</size>
         <input_file_ref idref="fl-14"/>
      </object_component>
      <object_component id="oc-4b5">
         <name>.text:HwiP_construct</name>
         <load_address>0x1004334</load_address>
         <run_address>0x1004334</run_address>
         <size>0x8c</size>
         <input_file_ref idref="fl-1d"/>
      </object_component>
      <object_component id="oc-9a8">
         <name>.text:IntPendSet</name>
         <load_address>0x10043c0</load_address>
         <run_address>0x10043c0</run_address>
         <size>0x88</size>
         <input_file_ref idref="fl-24"/>
      </object_component>
      <object_component id="oc-411">
         <name>.text:PinConfigSet</name>
         <load_address>0x1004448</load_address>
         <run_address>0x1004448</run_address>
         <size>0x88</size>
         <input_file_ref idref="fl-25"/>
      </object_component>
      <object_component id="oc-64c">
         <name>.text:__aeabi_cdcmple</name>
         <load_address>0x10044d0</load_address>
         <run_address>0x10044d0</run_address>
         <size>0x86</size>
         <input_file_ref idref="fl-ef"/>
      </object_component>
      <object_component id="oc-869">
         <name>.text:__aeabi_cdrcmple</name>
         <load_address>0x1004556</load_address>
         <run_address>0x1004556</run_address>
         <size>0x86</size>
         <input_file_ref idref="fl-ef"/>
      </object_component>
      <object_component id="oc-1e3">
         <name>.text:Power_init</name>
         <load_address>0x10045dc</load_address>
         <run_address>0x10045dc</run_address>
         <size>0x84</size>
         <input_file_ref idref="fl-14"/>
      </object_component>
      <object_component id="oc-7c2">
         <name>.text:saveNVICRegs</name>
         <load_address>0x1004660</load_address>
         <run_address>0x1004660</run_address>
         <size>0x84</size>
         <input_file_ref idref="fl-14"/>
      </object_component>
      <object_component id="oc-2ec">
         <name>.text:GPIO_write</name>
         <load_address>0x10046e4</load_address>
         <run_address>0x10046e4</run_address>
         <size>0x80</size>
         <input_file_ref idref="fl-12"/>
      </object_component>
      <object_component id="oc-417">
         <name>.text:Power_setDependency</name>
         <load_address>0x1004764</load_address>
         <run_address>0x1004764</run_address>
         <size>0x80</size>
         <input_file_ref idref="fl-14"/>
      </object_component>
      <object_component id="oc-aa8">
         <name>.text:readIsrBinaryBlocking</name>
         <load_address>0x10047e4</load_address>
         <run_address>0x10047e4</run_address>
         <size>0x7c</size>
         <input_file_ref idref="fl-17"/>
      </object_component>
      <object_component id="oc-6be">
         <name>.text:I2CCC32XX_primeReadBurst</name>
         <load_address>0x1004860</load_address>
         <run_address>0x1004860</run_address>
         <size>0x7a</size>
         <input_file_ref idref="fl-13"/>
      </object_component>
      <object_component id="oc-78b">
         <name>.text</name>
         <load_address>0x10048da</load_address>
         <run_address>0x10048da</run_address>
         <size>0x7a</size>
         <input_file_ref idref="fl-e1"/>
      </object_component>
      <object_component id="oc-9e">
         <name>.text</name>
         <load_address>0x1004954</load_address>
         <run_address>0x1004954</run_address>
         <size>0x7a</size>
         <input_file_ref idref="fl-f4"/>
      </object_component>
      <object_component id="oc-aba">
         <name>.text:readIsrBinaryCallback</name>
         <load_address>0x10049ce</load_address>
         <run_address>0x10049ce</run_address>
         <size>0x78</size>
         <input_file_ref idref="fl-17"/>
      </object_component>
      <object_component id="oc-a03">
         <name>.text:UARTCC32XX_hwiIntFxn</name>
         <load_address>0x1004a46</load_address>
         <run_address>0x1004a46</run_address>
         <size>0x74</size>
         <input_file_ref idref="fl-17"/>
      </object_component>
      <object_component id="oc-38d">
         <name>.text:_nop</name>
         <load_address>0x1004aba</load_address>
         <run_address>0x1004aba</run_address>
         <size>0x2</size>
         <input_file_ref idref="fl-f9"/>
      </object_component>
      <object_component id="oc-2e4">
         <name>.text:powerNotifyFxn</name>
         <load_address>0x1004abc</load_address>
         <run_address>0x1004abc</run_address>
         <size>0x74</size>
         <input_file_ref idref="fl-12"/>
      </object_component>
      <object_component id="oc-9b2">
         <name>.text:split</name>
         <load_address>0x1004b30</load_address>
         <run_address>0x1004b30</run_address>
         <size>0x70</size>
         <input_file_ref idref="fl-ea"/>
      </object_component>
      <object_component id="oc-889">
         <name>.text:_mcpy</name>
         <load_address>0x1004ba0</load_address>
         <run_address>0x1004ba0</run_address>
         <size>0x6e</size>
         <input_file_ref idref="fl-ec"/>
      </object_component>
      <object_component id="oc-6f1">
         <name>.text:I2CSupport_primeTransfer</name>
         <load_address>0x1004c0e</load_address>
         <run_address>0x1004c0e</run_address>
         <size>0x6a</size>
         <input_file_ref idref="fl-13"/>
      </object_component>
      <object_component id="oc-15">
         <name>.text:decompress:lzss:__TI_decompress_lzss</name>
         <load_address>0x1004c78</load_address>
         <run_address>0x1004c78</run_address>
         <size>0x68</size>
         <input_file_ref idref="fl-e9"/>
      </object_component>
      <object_component id="oc-848">
         <name>.text:UARTCC32XX_writeCancel</name>
         <load_address>0x1004ce0</load_address>
         <run_address>0x1004ce0</run_address>
         <size>0x66</size>
         <input_file_ref idref="fl-17"/>
      </object_component>
      <object_component id="oc-74">
         <name>.text:busFaultHandler</name>
         <load_address>0x1004d46</load_address>
         <run_address>0x1004d46</run_address>
         <size>0x2</size>
         <input_file_ref idref="fl-1f"/>
      </object_component>
      <object_component id="oc-429">
         <name>.text:GPIO_setInterruptConfig</name>
         <load_address>0x1004d48</load_address>
         <run_address>0x1004d48</run_address>
         <size>0x64</size>
         <input_file_ref idref="fl-12"/>
      </object_component>
      <object_component id="oc-464">
         <name>.text:PowerCC32XX_setParkState</name>
         <load_address>0x1004dac</load_address>
         <run_address>0x1004dac</run_address>
         <size>0x64</size>
         <input_file_ref idref="fl-14"/>
      </object_component>
      <object_component id="oc-36e">
         <name>.text:temperatureResponse</name>
         <load_address>0x1004e10</load_address>
         <run_address>0x1004e10</run_address>
         <size>0x64</size>
         <input_file_ref idref="fl-2"/>
      </object_component>
      <object_component id="oc-842">
         <name>.text:UARTCC32XX_writePolling</name>
         <load_address>0x1004e74</load_address>
         <run_address>0x1004e74</run_address>
         <size>0x62</size>
         <input_file_ref idref="fl-17"/>
      </object_component>
      <object_component id="oc-407">
         <name>.text:clkFxn</name>
         <load_address>0x1004ed6</load_address>
         <run_address>0x1004ed6</run_address>
         <size>0x2</size>
         <input_file_ref idref="fl-1b"/>
      </object_component>
      <object_component id="oc-438">
         <name>.text:GPIO_hwiIntFxn</name>
         <load_address>0x1004ed8</load_address>
         <run_address>0x1004ed8</run_address>
         <size>0x60</size>
         <input_file_ref idref="fl-12"/>
      </object_component>
      <object_component id="oc-268">
         <name>.text:PRCMSysResetCauseGet</name>
         <load_address>0x1004f38</load_address>
         <run_address>0x1004f38</run_address>
         <size>0x60</size>
         <input_file_ref idref="fl-26"/>
      </object_component>
      <object_component id="oc-89e">
         <name>.text:frexp</name>
         <load_address>0x1004f98</load_address>
         <run_address>0x1004f98</run_address>
         <size>0x5c</size>
         <input_file_ref idref="fl-103"/>
      </object_component>
      <object_component id="oc-968">
         <name>.text:sysTickInit</name>
         <load_address>0x1004ff4</load_address>
         <run_address>0x1004ff4</run_address>
         <size>0x5c</size>
         <input_file_ref idref="fl-1c"/>
      </object_component>
      <object_component id="oc-281">
         <name>.text:PRCMPeripheralReset</name>
         <load_address>0x1005050</load_address>
         <run_address>0x1005050</run_address>
         <size>0x58</size>
         <input_file_ref idref="fl-26"/>
      </object_component>
      <object_component id="oc-933">
         <name>.text:Power_releaseDependency</name>
         <load_address>0x10050a8</load_address>
         <run_address>0x10050a8</run_address>
         <size>0x58</size>
         <input_file_ref idref="fl-14"/>
      </object_component>
      <object_component id="oc-380">
         <name>.text:reportResponse</name>
         <load_address>0x1005100</load_address>
         <run_address>0x1005100</run_address>
         <size>0x58</size>
         <input_file_ref idref="fl-2"/>
      </object_component>
      <object_component id="oc-657">
         <name>.text:_pconv_f</name>
         <load_address>0x1005158</load_address>
         <run_address>0x1005158</run_address>
         <size>0x56</size>
         <input_file_ref idref="fl-ec"/>
      </object_component>
      <object_component id="oc-873">
         <name>.text:__TI_ltoa</name>
         <load_address>0x10051ae</load_address>
         <run_address>0x10051ae</run_address>
         <size>0x54</size>
         <input_file_ref idref="fl-fa"/>
      </object_component>
      <object_component id="oc-b12">
         <name>.text:ringBufGet</name>
         <load_address>0x1005202</load_address>
         <run_address>0x1005202</run_address>
         <size>0x54</size>
         <input_file_ref idref="fl-17"/>
      </object_component>
      <object_component id="oc-37a">
         <name>.text:coolLEDResponse</name>
         <load_address>0x1005256</load_address>
         <run_address>0x1005256</run_address>
         <size>0x2</size>
         <input_file_ref idref="fl-2"/>
      </object_component>
      <object_component id="oc-215">
         <name>.text:runThermostat</name>
         <load_address>0x1005258</load_address>
         <run_address>0x1005258</run_address>
         <size>0x54</size>
         <input_file_ref idref="fl-2"/>
      </object_component>
      <object_component id="oc-985">
         <name>.text:PowerCC32XX_resumeLPDS</name>
         <load_address>0x10052ac</load_address>
         <run_address>0x10052ac</run_address>
         <size>0x52</size>
         <input_file_ref idref="fl-15"/>
      </object_component>
      <object_component id="oc-883">
         <name>.text:_ecpy</name>
         <load_address>0x10052fe</load_address>
         <run_address>0x10052fe</run_address>
         <size>0x52</size>
         <input_file_ref idref="fl-ec"/>
      </object_component>
      <object_component id="oc-509">
         <name>.text:initHw</name>
         <load_address>0x1005350</load_address>
         <run_address>0x1005350</run_address>
         <size>0x52</size>
         <input_file_ref idref="fl-16"/>
      </object_component>
      <object_component id="oc-6e">
         <name>.text:defaultHandler</name>
         <load_address>0x10053a2</load_address>
         <run_address>0x10053a2</run_address>
         <size>0x2</size>
         <input_file_ref idref="fl-1f"/>
      </object_component>
      <object_component id="oc-7a">
         <name>.text:ClockP_sysTickHandler</name>
         <load_address>0x10053a4</load_address>
         <run_address>0x10053a4</run_address>
         <size>0x50</size>
         <input_file_ref idref="fl-1c"/>
      </object_component>
      <object_component id="oc-5d6">
         <name>.text:SemaphoreP_construct</name>
         <load_address>0x10053f4</load_address>
         <run_address>0x10053f4</run_address>
         <size>0x50</size>
         <input_file_ref idref="fl-1b"/>
      </object_component>
      <object_component id="oc-4f1">
         <name>.text:TimerCC32XX_allocateTimerResource</name>
         <load_address>0x1005444</load_address>
         <run_address>0x1005444</run_address>
         <size>0x50</size>
         <input_file_ref idref="fl-16"/>
      </object_component>
      <object_component id="oc-6b2">
         <name>.text:I2CCC32XX_readRecieveFifo</name>
         <load_address>0x1005494</load_address>
         <run_address>0x1005494</run_address>
         <size>0x4c</size>
         <input_file_ref idref="fl-13"/>
      </object_component>
      <object_component id="oc-97c">
         <name>.text:PowerCC32XX_parkPin</name>
         <load_address>0x10054e0</load_address>
         <run_address>0x10054e0</run_address>
         <size>0x4c</size>
         <input_file_ref idref="fl-14"/>
      </object_component>
      <object_component id="oc-640">
         <name>.text:atoi</name>
         <load_address>0x100552c</load_address>
         <run_address>0x100552c</run_address>
         <size>0x4c</size>
         <input_file_ref idref="fl-fc"/>
      </object_component>
      <object_component id="oc-7d3">
         <name>.text:restorePeriphClocks</name>
         <load_address>0x1005578</load_address>
         <run_address>0x1005578</run_address>
         <size>0x4c</size>
         <input_file_ref idref="fl-14"/>
      </object_component>
      <object_component id="oc-31b">
         <name>.text:snprintf</name>
         <load_address>0x10055c4</load_address>
         <run_address>0x10055c4</run_address>
         <size>0x4c</size>
         <input_file_ref idref="fl-e0"/>
      </object_component>
      <object_component id="oc-9a0">
         <name>.text:FlashDisable</name>
         <load_address>0x1005610</load_address>
         <run_address>0x1005610</run_address>
         <size>0x48</size>
         <input_file_ref idref="fl-2a"/>
      </object_component>
      <object_component id="oc-60f">
         <name>.text:GPIO_disableInt</name>
         <load_address>0x1005658</load_address>
         <run_address>0x1005658</run_address>
         <size>0x48</size>
         <input_file_ref idref="fl-12"/>
      </object_component>
      <object_component id="oc-42f">
         <name>.text:GPIO_enableInt</name>
         <load_address>0x10056a0</load_address>
         <run_address>0x10056a0</run_address>
         <size>0x48</size>
         <input_file_ref idref="fl-12"/>
      </object_component>
      <object_component id="oc-7df">
         <name>.text:PRCMLPDSEnter</name>
         <load_address>0x10056e8</load_address>
         <run_address>0x10056e8</run_address>
         <size>0x48</size>
         <input_file_ref idref="fl-26"/>
      </object_component>
      <object_component id="oc-27b">
         <name>.text:PRCMPeripheralClkEnable</name>
         <load_address>0x1005730</load_address>
         <run_address>0x1005730</run_address>
         <size>0x48</size>
         <input_file_ref idref="fl-26"/>
      </object_component>
      <object_component id="oc-8f8">
         <name>.text:Power_releaseConstraint</name>
         <load_address>0x1005778</load_address>
         <run_address>0x1005778</run_address>
         <size>0x48</size>
         <input_file_ref idref="fl-14"/>
      </object_component>
      <object_component id="oc-1f7">
         <name>.text:initGPIO</name>
         <load_address>0x10057c0</load_address>
         <run_address>0x10057c0</run_address>
         <size>0x48</size>
         <input_file_ref idref="fl-2"/>
      </object_component>
      <object_component id="oc-209">
         <name>.text:initTimer</name>
         <load_address>0x1005808</load_address>
         <run_address>0x1005808</run_address>
         <size>0x48</size>
         <input_file_ref idref="fl-2"/>
      </object_component>
      <object_component id="oc-86e">
         <name>.text</name>
         <load_address>0x1005850</load_address>
         <run_address>0x1005850</run_address>
         <size>0x48</size>
         <input_file_ref idref="fl-f2"/>
      </object_component>
      <object_component id="oc-aff">
         <name>.text:RingBuf_put</name>
         <load_address>0x1005898</load_address>
         <run_address>0x1005898</run_address>
         <size>0x46</size>
         <input_file_ref idref="fl-19"/>
      </object_component>
      <object_component id="oc-503">
         <name>.text:getPrescaler</name>
         <load_address>0x10058de</load_address>
         <run_address>0x10058de</run_address>
         <size>0x46</size>
         <input_file_ref idref="fl-16"/>
      </object_component>
      <object_component id="oc-5fe">
         <name>.text:ClockP_stop</name>
         <load_address>0x1005924</load_address>
         <run_address>0x1005924</run_address>
         <size>0x44</size>
         <input_file_ref idref="fl-1c"/>
      </object_component>
      <object_component id="oc-98a">
         <name>.text:PRCMLPDSRestoreInfoSet</name>
         <load_address>0x1005968</load_address>
         <run_address>0x1005968</run_address>
         <size>0x44</size>
         <input_file_ref idref="fl-26"/>
      </object_component>
      <object_component id="oc-7c8">
         <name>.text:PowerCC32XX_enterLPDS</name>
         <load_address>0x10059ac</load_address>
         <run_address>0x10059ac</run_address>
         <size>0x44</size>
         <input_file_ref idref="fl-15"/>
      </object_component>
      <object_component id="oc-2d1">
         <name>.text:SemaphoreP_post</name>
         <load_address>0x10059f0</load_address>
         <run_address>0x10059f0</run_address>
         <size>0x44</size>
         <input_file_ref idref="fl-1b"/>
      </object_component>
      <object_component id="oc-5c0">
         <name>.text:SwiP_restore</name>
         <load_address>0x1005a34</load_address>
         <run_address>0x1005a34</run_address>
         <size>0x44</size>
         <input_file_ref idref="fl-20"/>
      </object_component>
      <object_component id="oc-355">
         <name>.text:Timer_start</name>
         <load_address>0x1005a78</load_address>
         <run_address>0x1005a78</run_address>
         <size>0x44</size>
         <input_file_ref idref="fl-10"/>
      </object_component>
      <object_component id="oc-305">
         <name>.text:UART_init</name>
         <load_address>0x1005abc</load_address>
         <run_address>0x1005abc</run_address>
         <size>0x44</size>
         <input_file_ref idref="fl-11"/>
      </object_component>
      <object_component id="oc-17a">
         <name>.text:__TI_auto_init_nobinit_nopinit:__TI_auto_init_nobinit_nopinit</name>
         <load_address>0x1005b00</load_address>
         <run_address>0x1005b00</run_address>
         <size>0x44</size>
         <input_file_ref idref="fl-f5"/>
      </object_component>
      <object_component id="oc-a97">
         <name>.text:ClockP_construct</name>
         <load_address>0x1005b44</load_address>
         <run_address>0x1005b44</run_address>
         <size>0x40</size>
         <input_file_ref idref="fl-1c"/>
      </object_component>
      <object_component id="oc-293">
         <name>.text:PinModeSet</name>
         <load_address>0x1005b84</load_address>
         <run_address>0x1005b84</run_address>
         <size>0x40</size>
         <input_file_ref idref="fl-25"/>
      </object_component>
      <object_component id="oc-a1d">
         <name>.text:RingBuf_get</name>
         <load_address>0x1005bc4</load_address>
         <run_address>0x1005bc4</run_address>
         <size>0x40</size>
         <input_file_ref idref="fl-19"/>
      </object_component>
      <object_component id="oc-523">
         <name>.text:TimerSupport_timerEnable</name>
         <load_address>0x1005c04</load_address>
         <run_address>0x1005c04</run_address>
         <size>0x40</size>
         <input_file_ref idref="fl-16"/>
      </object_component>
      <object_component id="oc-4fd">
         <name>.text:Timer_close</name>
         <load_address>0x1005c44</load_address>
         <run_address>0x1005c44</run_address>
         <size>0x40</size>
         <input_file_ref idref="fl-16"/>
      </object_component>
      <object_component id="oc-82a">
         <name>.text:UARTCC32XX_read</name>
         <load_address>0x1005c84</load_address>
         <run_address>0x1005c84</run_address>
         <size>0x40</size>
         <input_file_ref idref="fl-17"/>
      </object_component>
      <object_component id="oc-311">
         <name>.text:UART_open</name>
         <load_address>0x1005cc4</load_address>
         <run_address>0x1005cc4</run_address>
         <size>0x40</size>
         <input_file_ref idref="fl-11"/>
      </object_component>
      <object_component id="oc-362">
         <name>.text:lowerTempButtonReponse</name>
         <load_address>0x1005d04</load_address>
         <run_address>0x1005d04</run_address>
         <size>0x40</size>
         <input_file_ref idref="fl-2"/>
      </object_component>
      <object_component id="oc-368">
         <name>.text:raiseTempButtonReponse</name>
         <load_address>0x1005d44</load_address>
         <run_address>0x1005d44</run_address>
         <size>0x40</size>
         <input_file_ref idref="fl-2"/>
      </object_component>
      <object_component id="oc-896">
         <name>.text:_fcpy</name>
         <load_address>0x1005d84</load_address>
         <run_address>0x1005d84</run_address>
         <size>0x3e</size>
         <input_file_ref idref="fl-ec"/>
      </object_component>
      <object_component id="oc-68">
         <name>.text:faultISR</name>
         <load_address>0x1005dc2</load_address>
         <run_address>0x1005dc2</run_address>
         <size>0x2</size>
         <input_file_ref idref="fl-1f"/>
      </object_component>
      <object_component id="oc-401">
         <name>.text:ClockP_destruct</name>
         <load_address>0x1005dc4</load_address>
         <run_address>0x1005dc4</run_address>
         <size>0x3c</size>
         <input_file_ref idref="fl-1c"/>
      </object_component>
      <object_component id="oc-764">
         <name>.text:Power_setConstraint</name>
         <load_address>0x1005e00</load_address>
         <run_address>0x1005e00</run_address>
         <size>0x3c</size>
         <input_file_ref idref="fl-14"/>
      </object_component>
      <object_component id="oc-374">
         <name>.text:heatLEDResponse</name>
         <load_address>0x1005e3c</load_address>
         <run_address>0x1005e3c</run_address>
         <size>0x3c</size>
         <input_file_ref idref="fl-2"/>
      </object_component>
      <object_component id="oc-1fd">
         <name>.text:initUART</name>
         <load_address>0x1005e78</load_address>
         <run_address>0x1005e78</run_address>
         <size>0x3c</size>
         <input_file_ref idref="fl-2"/>
      </object_component>
      <object_component id="oc-59e">
         <name>.text:getCountsRTC</name>
         <load_address>0x1005eb4</load_address>
         <run_address>0x1005eb4</run_address>
         <size>0x3a</size>
         <input_file_ref idref="fl-1e"/>
      </object_component>
      <object_component id="oc-62">
         <name>.text:nmiISR</name>
         <load_address>0x1005eee</load_address>
         <run_address>0x1005eee</run_address>
         <size>0x2</size>
         <input_file_ref idref="fl-1f"/>
      </object_component>
      <object_component id="oc-7e5">
         <name>.text:PRCMLPDSEnterKeepDebugIf</name>
         <load_address>0x1005ef0</load_address>
         <run_address>0x1005ef0</run_address>
         <size>0x38</size>
         <input_file_ref idref="fl-26"/>
      </object_component>
      <object_component id="oc-dc">
         <name>.text:addToList</name>
         <load_address>0x1005f28</load_address>
         <run_address>0x1005f28</run_address>
         <size>0x38</size>
         <input_file_ref idref="fl-1c"/>
      </object_component>
      <object_component id="oc-5a">
         <name>.text:initVectors</name>
         <load_address>0x1005f60</load_address>
         <run_address>0x1005f60</run_address>
         <size>0x38</size>
         <input_file_ref idref="fl-1f"/>
      </object_component>
      <object_component id="oc-7b6">
         <name>.text:notify</name>
         <load_address>0x1005f98</load_address>
         <run_address>0x1005f98</run_address>
         <size>0x38</size>
         <input_file_ref idref="fl-14"/>
      </object_component>
      <object_component id="oc-790">
         <name>.text</name>
         <load_address>0x1005fd0</load_address>
         <run_address>0x1005fd0</run_address>
         <size>0x38</size>
         <input_file_ref idref="fl-e2"/>
      </object_component>
      <object_component id="oc-786">
         <name>.text</name>
         <load_address>0x1006008</load_address>
         <run_address>0x1006008</run_address>
         <size>0x38</size>
         <input_file_ref idref="fl-e3"/>
      </object_component>
      <object_component id="oc-745">
         <name>.text:TimerControlStall</name>
         <load_address>0x1006040</load_address>
         <run_address>0x1006040</run_address>
         <size>0x36</size>
         <input_file_ref idref="fl-27"/>
      </object_component>
      <object_component id="oc-531">
         <name>.text:Timer_stop</name>
         <load_address>0x1006076</load_address>
         <run_address>0x1006076</run_address>
         <size>0x36</size>
         <input_file_ref idref="fl-10"/>
      </object_component>
      <object_component id="oc-836">
         <name>.text:UARTCC32XX_readCancel</name>
         <load_address>0x10060ac</load_address>
         <run_address>0x10060ac</run_address>
         <size>0x36</size>
         <input_file_ref idref="fl-17"/>
      </object_component>
      <object_component id="oc-7b0">
         <name>.text</name>
         <load_address>0x10060e2</load_address>
         <run_address>0x10060e2</run_address>
         <size>0x2</size>
         <input_file_ref idref="fl-ed"/>
      </object_component>
      <object_component id="oc-58c">
         <name>.text:ClockP_getTicksUntilInterrupt</name>
         <load_address>0x10060e4</load_address>
         <run_address>0x10060e4</run_address>
         <size>0x34</size>
         <input_file_ref idref="fl-1c"/>
      </object_component>
      <object_component id="oc-7a7">
         <name>.text:ClockP_startup</name>
         <load_address>0x1006118</load_address>
         <run_address>0x1006118</run_address>
         <size>0x34</size>
         <input_file_ref idref="fl-1c"/>
      </object_component>
      <object_component id="oc-46d">
         <name>.text:GPIO_read</name>
         <load_address>0x100614c</load_address>
         <run_address>0x100614c</run_address>
         <size>0x34</size>
         <input_file_ref idref="fl-12"/>
      </object_component>
      <object_component id="oc-28d">
         <name>.text:PinModeGet</name>
         <load_address>0x1006180</load_address>
         <run_address>0x1006180</run_address>
         <size>0x34</size>
         <input_file_ref idref="fl-25"/>
      </object_component>
      <object_component id="oc-9c1">
         <name>.text:PowerCC32XX_restoreParkState</name>
         <load_address>0x10061b4</load_address>
         <run_address>0x10061b4</run_address>
         <size>0x34</size>
         <input_file_ref idref="fl-14"/>
      </object_component>
      <object_component id="oc-72b">
         <name>.text:TimerCC32XX_freeTimerResource</name>
         <load_address>0x10061e8</load_address>
         <run_address>0x10061e8</run_address>
         <size>0x34</size>
         <input_file_ref idref="fl-16"/>
      </object_component>
      <object_component id="oc-51b">
         <name>.text:TimerCC32XX_hwiIntFunction</name>
         <load_address>0x100621c</load_address>
         <run_address>0x100621c</run_address>
         <size>0x34</size>
         <input_file_ref idref="fl-16"/>
      </object_component>
      <object_component id="oc-771">
         <name>.text:createLowerTargetTempTimer</name>
         <load_address>0x1006250</load_address>
         <run_address>0x1006250</run_address>
         <size>0x34</size>
         <input_file_ref idref="fl-2"/>
      </object_component>
      <object_component id="oc-77f">
         <name>.text:createRaiseTargetTempTimer</name>
         <load_address>0x1006284</load_address>
         <run_address>0x1006284</run_address>
         <size>0x34</size>
         <input_file_ref idref="fl-2"/>
      </object_component>
      <object_component id="oc-70e">
         <name>.text:getPowerMgrId</name>
         <load_address>0x10062b8</load_address>
         <run_address>0x10062b8</run_address>
         <size>0x34</size>
         <input_file_ref idref="fl-16"/>
      </object_component>
      <object_component id="oc-3ef">
         <name>.text:ClockP_start</name>
         <load_address>0x10062ec</load_address>
         <run_address>0x10062ec</run_address>
         <size>0x30</size>
         <input_file_ref idref="fl-1c"/>
      </object_component>
      <object_component id="oc-999">
         <name>.text:PowerCC32XX_restoreParkedPin</name>
         <load_address>0x100631c</load_address>
         <run_address>0x100631c</run_address>
         <size>0x30</size>
         <input_file_ref idref="fl-14"/>
      </object_component>
      <object_component id="oc-48c">
         <name>.text:_outs</name>
         <load_address>0x100634c</load_address>
         <run_address>0x100634c</run_address>
         <size>0x30</size>
         <input_file_ref idref="fl-e0"/>
      </object_component>
      <object_component id="oc-879">
         <name>.text</name>
         <load_address>0x100637c</load_address>
         <run_address>0x100637c</run_address>
         <size>0x2e</size>
         <input_file_ref idref="fl-f3"/>
      </object_component>
      <object_component id="oc-9e2">
         <name>.text:PowerCC32XX_getParkState</name>
         <load_address>0x10063ac</load_address>
         <run_address>0x10063ac</run_address>
         <size>0x2c</size>
         <input_file_ref idref="fl-14"/>
      </object_component>
      <object_component id="oc-423">
         <name>.text:HwiP_create</name>
         <load_address>0x10063d8</load_address>
         <run_address>0x10063d8</run_address>
         <size>0x2a</size>
         <input_file_ref idref="fl-1d"/>
      </object_component>
      <object_component id="oc-73f">
         <name>.text:TimerLoadSet</name>
         <load_address>0x1006402</load_address>
         <run_address>0x1006402</run_address>
         <size>0x2a</size>
         <input_file_ref idref="fl-27"/>
      </object_component>
      <object_component id="oc-739">
         <name>.text:TimerPrescaleSet</name>
         <load_address>0x100642c</load_address>
         <run_address>0x100642c</run_address>
         <size>0x2a</size>
         <input_file_ref idref="fl-27"/>
      </object_component>
      <object_component id="oc-6ca">
         <name>.text:I2CFIFODataPutNonBlocking</name>
         <load_address>0x1006456</load_address>
         <run_address>0x1006456</run_address>
         <size>0x28</size>
         <input_file_ref idref="fl-23"/>
      </object_component>
      <object_component id="oc-287">
         <name>.text:PRCMPeripheralClkDisable</name>
         <load_address>0x1006480</load_address>
         <run_address>0x1006480</run_address>
         <size>0x28</size>
         <input_file_ref idref="fl-26"/>
      </object_component>
      <object_component id="oc-2cb">
         <name>.text:Power_registerNotify</name>
         <load_address>0x10064a8</load_address>
         <run_address>0x10064a8</run_address>
         <size>0x28</size>
         <input_file_ref idref="fl-14"/>
      </object_component>
      <object_component id="oc-5f6">
         <name>.text:free_list_insert</name>
         <load_address>0x10064d0</load_address>
         <run_address>0x10064d0</run_address>
         <size>0x28</size>
         <input_file_ref idref="fl-ea"/>
      </object_component>
      <object_component id="oc-8d4">
         <name>.text:I2CFIFODataGetNonBlocking</name>
         <load_address>0x10064f8</load_address>
         <run_address>0x10064f8</run_address>
         <size>0x26</size>
         <input_file_ref idref="fl-23"/>
      </object_component>
      <object_component id="oc-6fd">
         <name>.text:I2C_cancel</name>
         <load_address>0x100651e</load_address>
         <run_address>0x100651e</run_address>
         <size>0x26</size>
         <input_file_ref idref="fl-f"/>
      </object_component>
      <object_component id="oc-443">
         <name>.text:List_put</name>
         <load_address>0x1006544</load_address>
         <run_address>0x1006544</run_address>
         <size>0x26</size>
         <input_file_ref idref="fl-18"/>
      </object_component>
      <object_component id="oc-924">
         <name>.text:List_remove</name>
         <load_address>0x100656a</load_address>
         <run_address>0x100656a</run_address>
         <size>0x26</size>
         <input_file_ref idref="fl-18"/>
      </object_component>
      <object_component id="oc-691">
         <name>.text:HwiP_dispatch</name>
         <load_address>0x1006590</load_address>
         <run_address>0x1006590</run_address>
         <size>0x24</size>
         <input_file_ref idref="fl-1d"/>
      </object_component>
      <object_component id="oc-9dc">
         <name>.text:PowerCC32XX_reset</name>
         <load_address>0x10065b4</load_address>
         <run_address>0x10065b4</run_address>
         <size>0x24</size>
         <input_file_ref idref="fl-14"/>
      </object_component>
      <object_component id="oc-778">
         <name>.text:TimerSupport_timerDisable</name>
         <load_address>0x10065d8</load_address>
         <run_address>0x10065d8</run_address>
         <size>0x24</size>
         <input_file_ref idref="fl-16"/>
      </object_component>
      <object_component id="oc-c6">
         <name>.text:_c_int00_noargs:_c_int00_noargs</name>
         <load_address>0x10065fc</load_address>
         <run_address>0x10065fc</run_address>
         <size>0x24</size>
         <input_file_ref idref="fl-eb"/>
      </object_component>
      <object_component id="oc-8dc">
         <name>.text:I2CMasterSlaveAddrSet</name>
         <load_address>0x1006620</load_address>
         <run_address>0x1006620</run_address>
         <size>0x22</size>
         <input_file_ref idref="fl-23"/>
      </object_component>
      <object_component id="oc-92b">
         <name>.text:HwiP_destruct</name>
         <load_address>0x1006642</load_address>
         <run_address>0x1006642</run_address>
         <size>0x20</size>
         <input_file_ref idref="fl-1d"/>
      </object_component>
      <object_component id="oc-719">
         <name>.text:Power_unregisterNotify</name>
         <load_address>0x1006664</load_address>
         <run_address>0x1006664</run_address>
         <size>0x20</size>
         <input_file_ref idref="fl-14"/>
      </object_component>
      <object_component id="oc-9c8">
         <name>.text:RingBuf_peek</name>
         <load_address>0x1006684</load_address>
         <run_address>0x1006684</run_address>
         <size>0x20</size>
         <input_file_ref idref="fl-19"/>
      </object_component>
      <object_component id="oc-9d6">
         <name>.text:getPowerMgrId</name>
         <load_address>0x10066a4</load_address>
         <run_address>0x10066a4</run_address>
         <size>0x20</size>
         <input_file_ref idref="fl-17"/>
      </object_component>
      <object_component id="oc-6a6">
         <name>.text:I2CMasterIntStatusEx</name>
         <load_address>0x10066c4</load_address>
         <run_address>0x10066c4</run_address>
         <size>0x1e</size>
         <input_file_ref idref="fl-23"/>
      </object_component>
      <object_component id="oc-4bb">
         <name>.text:SemaphoreP_constructBinary</name>
         <load_address>0x10066e2</load_address>
         <run_address>0x10066e2</run_address>
         <size>0x1e</size>
         <input_file_ref idref="fl-1b"/>
      </object_component>
      <object_component id="oc-733">
         <name>.text:TimerDisable</name>
         <load_address>0x1006700</load_address>
         <run_address>0x1006700</run_address>
         <size>0x1e</size>
         <input_file_ref idref="fl-27"/>
      </object_component>
      <object_component id="oc-76a">
         <name>.text:TimerEnable</name>
         <load_address>0x100671e</load_address>
         <run_address>0x100671e</run_address>
         <size>0x1e</size>
         <input_file_ref idref="fl-27"/>
      </object_component>
      <object_component id="oc-167">
         <name>.text:mainThread</name>
         <load_address>0x100673c</load_address>
         <run_address>0x100673c</run_address>
         <size>0x1e</size>
         <input_file_ref idref="fl-2"/>
      </object_component>
      <object_component id="oc-2f2">
         <name>.text:GPIO_setCallback</name>
         <load_address>0x100675c</load_address>
         <run_address>0x100675c</run_address>
         <size>0x1c</size>
         <input_file_ref idref="fl-e"/>
      </object_component>
      <object_component id="oc-976">
         <name>.text:PinToPadGet</name>
         <load_address>0x1006778</load_address>
         <run_address>0x1006778</run_address>
         <size>0x1c</size>
         <input_file_ref idref="fl-25"/>
      </object_component>
      <object_component id="oc-580">
         <name>.text:SwiP_disable</name>
         <load_address>0x1006794</load_address>
         <run_address>0x1006794</run_address>
         <size>0x1c</size>
         <input_file_ref idref="fl-20"/>
      </object_component>
      <object_component id="oc-5f0">
         <name>.text:free_list_remove</name>
         <load_address>0x10067b0</load_address>
         <run_address>0x10067b0</run_address>
         <size>0x1c</size>
         <input_file_ref idref="fl-ea"/>
      </object_component>
      <object_component id="oc-669">
         <name>.text:memccpy</name>
         <load_address>0x10067cc</load_address>
         <run_address>0x10067cc</run_address>
         <size>0x1c</size>
         <input_file_ref idref="fl-fe"/>
      </object_component>
      <object_component id="oc-9ee">
         <name>.text:ClockP_create</name>
         <load_address>0x10067e8</load_address>
         <run_address>0x10067e8</run_address>
         <size>0x1a</size>
         <input_file_ref idref="fl-1c"/>
      </object_component>
      <object_component id="oc-2a7">
         <name>.text:SemaphoreP_createBinary</name>
         <load_address>0x1006802</load_address>
         <run_address>0x1006802</run_address>
         <size>0x1a</size>
         <input_file_ref idref="fl-1b"/>
      </object_component>
      <object_component id="oc-22">
         <name>.text:resetISR</name>
         <load_address>0x100681c</load_address>
         <run_address>0x100681c</run_address>
         <size>0x1a</size>
         <input_file_ref idref="fl-1f"/>
      </object_component>
      <object_component id="oc-90d">
         <name>.text:I2CMasterBusBusy</name>
         <load_address>0x1006836</load_address>
         <run_address>0x1006836</run_address>
         <size>0x18</size>
         <input_file_ref idref="fl-23"/>
      </object_component>
      <object_component id="oc-6b8">
         <name>.text:I2CMasterIntDisableEx</name>
         <load_address>0x100684e</load_address>
         <run_address>0x100684e</run_address>
         <size>0x18</size>
         <input_file_ref idref="fl-23"/>
      </object_component>
      <object_component id="oc-8ee">
         <name>.text:I2CMasterIntEnableEx</name>
         <load_address>0x1006866</load_address>
         <run_address>0x1006866</run_address>
         <size>0x18</size>
         <input_file_ref idref="fl-23"/>
      </object_component>
      <object_component id="oc-907">
         <name>.text:I2CRxFIFOFlush</name>
         <load_address>0x100687e</load_address>
         <run_address>0x100687e</run_address>
         <size>0x18</size>
         <input_file_ref idref="fl-23"/>
      </object_component>
      <object_component id="oc-901">
         <name>.text:I2CTxFIFOFlush</name>
         <load_address>0x1006896</load_address>
         <run_address>0x1006896</run_address>
         <size>0x18</size>
         <input_file_ref idref="fl-23"/>
      </object_component>
      <object_component id="oc-592">
         <name>.text:Power_getTransitionLatency</name>
         <load_address>0x10068b0</load_address>
         <run_address>0x10068b0</run_address>
         <size>0x18</size>
         <input_file_ref idref="fl-14"/>
      </object_component>
      <object_component id="oc-7f9">
         <name>.text:Power_idleFunc</name>
         <load_address>0x10068c8</load_address>
         <run_address>0x10068c8</run_address>
         <size>0x18</size>
         <input_file_ref idref="fl-14"/>
      </object_component>
      <object_component id="oc-94b">
         <name>.text:TimerIntDisable</name>
         <load_address>0x10068e0</load_address>
         <run_address>0x10068e0</run_address>
         <size>0x18</size>
         <input_file_ref idref="fl-27"/>
      </object_component>
      <object_component id="oc-75e">
         <name>.text:TimerIntEnable</name>
         <load_address>0x10068f8</load_address>
         <run_address>0x10068f8</run_address>
         <size>0x18</size>
         <input_file_ref idref="fl-27"/>
      </object_component>
      <object_component id="oc-554">
         <name>.text:Timer_getCount</name>
         <load_address>0x1006910</load_address>
         <run_address>0x1006910</run_address>
         <size>0x18</size>
         <input_file_ref idref="fl-16"/>
      </object_component>
      <object_component id="oc-a25">
         <name>.text:UARTBusy</name>
         <load_address>0x1006928</load_address>
         <run_address>0x1006928</run_address>
         <size>0x18</size>
         <input_file_ref idref="fl-28"/>
      </object_component>
      <object_component id="oc-adb">
         <name>.text:UARTIntEnable</name>
         <load_address>0x1006940</load_address>
         <run_address>0x1006940</run_address>
         <size>0x18</size>
         <input_file_ref idref="fl-28"/>
      </object_component>
      <object_component id="oc-30b">
         <name>.text:UART_Params_init</name>
         <load_address>0x1006958</load_address>
         <run_address>0x1006958</run_address>
         <size>0x18</size>
         <input_file_ref idref="fl-11"/>
      </object_component>
      <object_component id="oc-492">
         <name>.text:_outc</name>
         <load_address>0x1006970</load_address>
         <run_address>0x1006970</run_address>
         <size>0x18</size>
         <input_file_ref idref="fl-e0"/>
      </object_component>
      <object_component id="oc-52b">
         <name>.text:getLowerTargetTempTimer</name>
         <load_address>0x1006988</load_address>
         <run_address>0x1006988</run_address>
         <size>0x18</size>
         <input_file_ref idref="fl-2"/>
      </object_component>
      <object_component id="oc-538">
         <name>.text:getRaiseTargetTempTimer</name>
         <load_address>0x10069a0</load_address>
         <run_address>0x10069a0</run_address>
         <size>0x18</size>
         <input_file_ref idref="fl-2"/>
      </object_component>
      <object_component id="oc-2f8">
         <name>.text:lowerTempButtonPress</name>
         <load_address>0x10069b8</load_address>
         <run_address>0x10069b8</run_address>
         <size>0x18</size>
         <input_file_ref idref="fl-2"/>
      </object_component>
      <object_component id="oc-2fe">
         <name>.text:raiseTempButtonPress</name>
         <load_address>0x10069d0</load_address>
         <run_address>0x10069d0</run_address>
         <size>0x18</size>
         <input_file_ref idref="fl-2"/>
      </object_component>
      <object_component id="oc-5af">
         <name>.text</name>
         <load_address>0x10069e8</load_address>
         <run_address>0x10069e8</run_address>
         <size>0x18</size>
         <input_file_ref idref="fl-e4"/>
      </object_component>
      <object_component id="oc-8e8">
         <name>.text:I2CMasterBurstLengthSet</name>
         <load_address>0x1006a00</load_address>
         <run_address>0x1006a00</run_address>
         <size>0x16</size>
         <input_file_ref idref="fl-23"/>
      </object_component>
      <object_component id="oc-275">
         <name>.text:PRCMHIBRegRead</name>
         <load_address>0x1006a16</load_address>
         <run_address>0x1006a16</run_address>
         <size>0x16</size>
         <input_file_ref idref="fl-26"/>
      </object_component>
      <object_component id="oc-26f">
         <name>.text:PRCMHIBRegWrite</name>
         <load_address>0x1006a2c</load_address>
         <run_address>0x1006a2c</run_address>
         <size>0x16</size>
         <input_file_ref idref="fl-26"/>
      </object_component>
      <object_component id="oc-3d7">
         <name>.text:SemaphoreP_create</name>
         <load_address>0x1006a42</load_address>
         <run_address>0x1006a42</run_address>
         <size>0x16</size>
         <input_file_ref idref="fl-1b"/>
      </object_component>
      <object_component id="oc-8aa">
         <name>.text:strchr</name>
         <load_address>0x1006a58</load_address>
         <run_address>0x1006a58</run_address>
         <size>0x16</size>
         <input_file_ref idref="fl-ff"/>
      </object_component>
      <object_component id="oc-15b">
         <name>.text:Board_init</name>
         <load_address>0x1006a6e</load_address>
         <run_address>0x1006a6e</run_address>
         <size>0x14</size>
         <input_file_ref idref="fl-3"/>
      </object_component>
      <object_component id="oc-a4">
         <name>.text:CPUcpsid</name>
         <load_address>0x1006a82</load_address>
         <run_address>0x1006a82</run_address>
         <size>0x14</size>
         <input_file_ref idref="fl-22"/>
      </object_component>
      <object_component id="oc-44a">
         <name>.text:HwiP_inISR</name>
         <load_address>0x1006a98</load_address>
[...]
         <value>0x1006c05</value>
         <object_component_ref idref="oc-2b3"/>
      </symbol>
      <symbol id="sm-baf">
         <name>HwiP_disableInterrupt</name>
         <value>0x1006cb1</value>
         <object_component_ref idref="oc-6eb"/>
      </symbol>
      <symbol id="sm-bdf">
         <name>PowerCC32XX_initPolicy</name>
         <value>0x10032ab</value>
         <object_component_ref idref="oc-3c0"/>
      </symbol>
      <symbol id="sm-be0">
         <name>PowerCC32XX_sleepPolicy</name>
         <value>0x10020f9</value>
         <object_component_ref idref="oc-3c6"/>
      </symbol>
      <symbol id="sm-c30">
         <name>resetISR</name>
         <value>0x100681d</value>
         <object_component_ref idref="oc-22"/>
      </symbol>
      <symbol id="sm-c31">
         <name>resetVectorAddr</name>
         <value>0x1006830</value>
         <object_component_ref idref="oc-22"/>
      </symbol>
      <symbol id="sm-c32">
         <name>initVectors</name>
         <value>0x1005f61</value>
         <object_component_ref idref="oc-5a"/>
      </symbol>
      <symbol id="sm-c33">
         <name>resetVectors</name>
         <value>0x1000800</value>
         <object_component_ref idref="oc-28"/>
      </symbol>
      <symbol id="sm-c63">
         <name>SwiP_disable</name>
         <value>0x1006795</value>
         <object_component_ref idref="oc-580"/>
      </symbol>
      <symbol id="sm-c64">
         <name>SwiP_restore</name>
         <value>0x1005a35</value>
         <object_component_ref idref="oc-5c0"/>
      </symbol>
      <symbol id="sm-c6f">
         <name>CPUcpsid</name>
         <value>0x1006a83</value>
         <object_component_ref idref="oc-a4"/>
      </symbol>
      <symbol id="sm-cdc">
         <name>I2CRxFIFOFlush</name>
         <value>0x100687f</value>
         <object_component_ref idref="oc-907"/>
      </symbol>
      <symbol id="sm-cdd">
         <name>I2CTxFIFOFlush</name>
         <value>0x1006897</value>
         <object_component_ref idref="oc-901"/>
      </symbol>
      <symbol id="sm-cde">
         <name>I2CFIFODataPutNonBlocking</name>
         <value>0x1006457</value>
         <object_component_ref idref="oc-6ca"/>
      </symbol>
      <symbol id="sm-cdf">
         <name>I2CMasterBusBusy</name>
         <value>0x1006837</value>
         <object_component_ref idref="oc-90d"/>
      </symbol>
      <symbol id="sm-ce0">
         <name>I2CMasterIntDisableEx</name>
         <value>0x100684f</value>
         <object_component_ref idref="oc-6b8"/>
      </symbol>
      <symbol id="sm-ce1">
         <name>I2CMasterBurstLengthSet</name>
         <value>0x1006a01</value>
         <object_component_ref idref="oc-8e8"/>
      </symbol>
      <symbol id="sm-ce2">
         <name>I2CMasterIntClearEx</name>
         <value>0x1006b4b</value>
         <object_component_ref idref="oc-6ac"/>
      </symbol>
      <symbol id="sm-ce3">
         <name>I2CMasterSlaveAddrSet</name>
         <value>0x1006621</value>
         <object_component_ref idref="oc-8dc"/>
      </symbol>
      <symbol id="sm-ce4">
         <name>I2CMasterIntEnableEx</name>
         <value>0x1006867</value>
         <object_component_ref idref="oc-8ee"/>
      </symbol>
      <symbol id="sm-ce5">
         <name>I2CFIFOStatus</name>
         <value>0x1006c15</value>
         <object_component_ref idref="oc-6d0"/>
      </symbol>
      <symbol id="sm-ce6">
         <name>I2CMasterIntStatusEx</name>
         <value>0x10066c5</value>
         <object_component_ref idref="oc-6a6"/>
      </symbol>
      <symbol id="sm-ce7">
         <name>I2CFIFODataGetNonBlocking</name>
         <value>0x10064f9</value>
         <object_component_ref idref="oc-8d4"/>
      </symbol>
      <symbol id="sm-d2c">
         <name>IntVTableBaseSet</name>
         <value>0x1006ad5</value>
         <object_component_ref idref="oc-b0"/>
      </symbol>
      <symbol id="sm-d2d">
         <name>IntEnable</name>
         <value>0x1003c6d</value>
         <object_component_ref idref="oc-b6"/>
      </symbol>
      <symbol id="sm-d2e">
         <name>IntMasterDisable</name>
         <value>0x1006d6d</value>
         <object_component_ref idref="oc-54"/>
      </symbol>
      <symbol id="sm-d2f">
         <name>IntPendSet</name>
         <value>0x10043c1</value>
         <object_component_ref idref="oc-9a8"/>
      </symbol>
      <symbol id="sm-d69">
         <name>PinModeGet</name>
         <value>0x1006181</value>
         <object_component_ref idref="oc-28d"/>
      </symbol>
      <symbol id="sm-d6a">
         <name>PinConfigSet</name>
         <value>0x1004449</value>
         <object_component_ref idref="oc-411"/>
      </symbol>
      <symbol id="sm-d6b">
         <name>PinModeSet</name>
         <value>0x1005b85</value>
         <object_component_ref idref="oc-293"/>
      </symbol>
      <symbol id="sm-d6c">
         <name>PinToPadGet</name>
         <value>0x1006779</value>
         <object_component_ref idref="oc-976"/>
      </symbol>
      <symbol id="sm-e35">
         <name>PRCMLPDSRestoreInfoSet</name>
         <value>0x1005969</value>
         <object_component_ref idref="oc-98a"/>
      </symbol>
      <symbol id="sm-e36">
         <name>PRCMPeripheralReset</name>
         <value>0x1005051</value>
         <object_component_ref idref="oc-281"/>
      </symbol>
      <symbol id="sm-e37">
         <name>PRCMLPDSEnter</name>
         <value>0x10056e9</value>
         <object_component_ref idref="oc-7df"/>
      </symbol>
      <symbol id="sm-e38">
         <name>PRCMPeripheralClkEnable</name>
         <value>0x1005731</value>
         <object_component_ref idref="oc-27b"/>
      </symbol>
      <symbol id="sm-e39">
         <name>PRCMLPDSEnterKeepDebugIf</name>
         <value>0x1005ef1</value>
         <object_component_ref idref="oc-7e5"/>
      </symbol>
      <symbol id="sm-e3a">
         <name>PRCMCC3200MCUInit</name>
         <value>0x1001291</value>
         <object_component_ref idref="oc-1dd"/>
      </symbol>
      <symbol id="sm-e3b">
         <name>PRCMHIBRegWrite</name>
         <value>0x1006a2d</value>
         <object_component_ref idref="oc-26f"/>
      </symbol>
      <symbol id="sm-e3c">
         <name>PRCMSysResetCauseGet</name>
         <value>0x1004f39</value>
         <object_component_ref idref="oc-268"/>
      </symbol>
      <symbol id="sm-e3d">
         <name>PRCMPeripheralClkDisable</name>
         <value>0x1006481</value>
         <object_component_ref idref="oc-287"/>
      </symbol>
      <symbol id="sm-e3e">
         <name>PRCMHIBRegRead</name>
         <value>0x1006a17</value>
         <object_component_ref idref="oc-275"/>
      </symbol>
      <symbol id="sm-e86">
         <name>TimerLoadSet</name>
         <value>0x1006403</value>
         <object_component_ref idref="oc-73f"/>
      </symbol>
      <symbol id="sm-e87">
         <name>TimerDisable</name>
         <value>0x1006701</value>
         <object_component_ref idref="oc-733"/>
      </symbol>
      <symbol id="sm-e88">
         <name>TimerEnable</name>
         <value>0x100671f</value>
         <object_component_ref idref="oc-76a"/>
      </symbol>
      <symbol id="sm-e89">
         <name>TimerIntDisable</name>
         <value>0x10068e1</value>
         <object_component_ref idref="oc-94b"/>
      </symbol>
      <symbol id="sm-e8a">
         <name>TimerPrescaleSet</name>
         <value>0x100642d</value>
         <object_component_ref idref="oc-739"/>
      </symbol>
      <symbol id="sm-e8b">
         <name>TimerControlStall</name>
         <value>0x1006041</value>
         <object_component_ref idref="oc-745"/>
      </symbol>
      <symbol id="sm-e8c">
         <name>TimerIntEnable</name>
         <value>0x10068f9</value>
         <object_component_ref idref="oc-75e"/>
      </symbol>
      <symbol id="sm-e8d">
         <name>TimerIntClear</name>
         <value>0x1006b6f</value>
         <object_component_ref idref="oc-755"/>
      </symbol>
      <symbol id="sm-ea1">
         <name>UARTBusy</name>
         <value>0x1006929</value>
         <object_component_ref idref="oc-a25"/>
      </symbol>
      <symbol id="sm-ea2">
         <name>UARTIntEnable</name>
         <value>0x1006941</value>
         <object_component_ref idref="oc-adb"/>
      </symbol>
      <symbol id="sm-ea6">
         <name>UtilsDelay</name>
         <value>0x1006dc5</value>
         <object_component_ref idref="oc-26e"/>
      </symbol>
      <symbol id="sm-eb6">
         <name>FlashDisable</name>
         <value>0x1005611</value>
         <object_component_ref idref="oc-9a0"/>
      </symbol>
      <symbol id="sm-ee5">
         <name>snprintf</name>
         <value>0x10055c5</value>
         <object_component_ref idref="oc-31b"/>
      </symbol>
      <symbol id="sm-eef">
         <name>__aeabi_fmul</name>
         <value>0x10048db</value>
         <object_component_ref idref="oc-78b"/>
      </symbol>
      <symbol id="sm-ef9">
         <name>__aeabi_f2iz</name>
         <value>0x1005fd1</value>
         <object_component_ref idref="oc-790"/>
      </symbol>
      <symbol id="sm-f04">
         <name>__aeabi_i2f</name>
         <value>0x1006009</value>
         <object_component_ref idref="oc-786"/>
      </symbol>
      <symbol id="sm-f0d">
         <name>__aeabi_lmul</name>
         <value>0x10069e9</value>
         <object_component_ref idref="oc-5af"/>
      </symbol>
      <symbol id="sm-f28">
         <name>memcpy</name>
         <value>0x10040e1</value>
         <object_component_ref idref="oc-3c"/>
      </symbol>
      <symbol id="sm-f29">
         <name>__aeabi_memcpy</name>
         <value>0x10040e1</value>
         <object_component_ref idref="oc-3c"/>
      </symbol>
      <symbol id="sm-f2a">
         <name>__aeabi_memcpy8</name>
         <value>0x10040e1</value>
         <object_component_ref idref="oc-3c"/>
      </symbol>
      <symbol id="sm-f2b">
         <name>__aeabi_memcpy4</name>
         <value>0x10040e1</value>
         <object_component_ref idref="oc-3c"/>
      </symbol>
      <symbol id="sm-f38">
         <name>__aeabi_uldivmod</name>
         <value>0x100417d</value>
         <object_component_ref idref="oc-5a4"/>
      </symbol>
      <symbol id="sm-f4a">
         <name>__TI_zero_init</name>
         <value>0x1006d29</value>
         <object_component_ref idref="oc-4e"/>
      </symbol>
      <symbol id="sm-f61">
         <name>__TI_decompress_none</name>
         <value>0x1006cf7</value>
         <object_component_ref idref="oc-1b"/>
      </symbol>
      <symbol id="sm-f84">
         <name>__TI_decompress_lzss</name>
         <value>0x1004c79</value>
         <object_component_ref idref="oc-15"/>
      </symbol>
      <symbol id="sm-100d">
         <name>_sys_memory</name>
         <value>0x20000310</value>
         <object_component_ref idref="oc-2b"/>
      </symbol>
      <symbol id="sm-100e">
         <name>free</name>
         <value>0x1003399</value>
         <object_component_ref idref="oc-3e2"/>
      </symbol>
      <symbol id="sm-100f">
         <name>memalign</name>
         <value>0x1002ec1</value>
         <object_component_ref idref="oc-801"/>
      </symbol>
      <symbol id="sm-1010">
         <name>malloc</name>
         <value>0x1006da1</value>
         <object_component_ref idref="oc-5d0"/>
      </symbol>
      <symbol id="sm-1011">
         <name>aligned_alloc</name>
         <value>0x1002ec1</value>
         <object_component_ref idref="oc-801"/>
      </symbol>
      <symbol id="sm-1023">
         <name>__stack</name>
         <value>0x2003f000</value>
         <object_component_ref idref="oc-2e"/>
      </symbol>
      <symbol id="sm-1024">
         <name>_c_int00_noargs</name>
         <value>0x10065fd</value>
         <object_component_ref idref="oc-c6"/>
      </symbol>
      <symbol id="sm-1189">
         <name>__TI_printfi</name>
         <value>0x1000841</value>
         <object_component_ref idref="oc-486"/>
      </symbol>
      <symbol id="sm-1193">
         <name>__aeabi_idiv0</name>
         <value>0x10060e3</value>
         <object_component_ref idref="oc-7b0"/>
      </symbol>
      <symbol id="sm-1194">
         <name>__aeabi_ldiv0</name>
         <value>0x10060e3</value>
         <object_component_ref idref="oc-7b0"/>
      </symbol>
      <symbol id="sm-11ab">
         <name>__aeabi_dsub</name>
         <value>0x1001f41</value>
         <object_component_ref idref="oc-87e"/>
      </symbol>
      <symbol id="sm-11ac">
         <name>__aeabi_dadd</name>
         <value>0x1001f4b</value>
         <object_component_ref idref="oc-87e"/>
      </symbol>
      <symbol id="sm-11ce">
         <name>__aeabi_cdcmpeq</name>
         <value>0x10044d1</value>
         <object_component_ref idref="oc-64c"/>
      </symbol>
      <symbol id="sm-11cf">
         <name>__aeabi_cdcmple</name>
         <value>0x10044d1</value>
         <object_component_ref idref="oc-64c"/>
      </symbol>
      <symbol id="sm-11d0">
         <name>__aeabi_cdrcmple</name>
         <value>0x1004557</value>
         <object_component_ref idref="oc-869"/>
      </symbol>
      <symbol id="sm-11e4">
         <name>__aeabi_ddiv</name>
         <value>0x1002a29</value>
         <object_component_ref idref="oc-864"/>
      </symbol>
      <symbol id="sm-11ef">
         <name>__aeabi_dmul</name>
         <value>0x10030bd</value>
         <object_component_ref idref="oc-85f"/>
      </symbol>
      <symbol id="sm-11f9">
         <name>__aeabi_d2iz</name>
         <value>0x1005851</value>
         <object_component_ref idref="oc-86e"/>
      </symbol>
      <symbol id="sm-1203">
         <name>__aeabi_i2d</name>
         <value>0x100637d</value>
         <object_component_ref idref="oc-879"/>
      </symbol>
      <symbol id="sm-1212">
         <name>__aeabi_memset</name>
         <value>0x1004957</value>
         <object_component_ref idref="oc-9e"/>
      </symbol>
      <symbol id="sm-1213">
         <name>memset</name>
         <value>0x100495d</value>
         <object_component_ref idref="oc-9e"/>
      </symbol>
      <symbol id="sm-1214">
         <name>__aeabi_memset8</name>
         <value>0x1004957</value>
         <object_component_ref idref="oc-9e"/>
      </symbol>
      <symbol id="sm-1215">
         <name>__aeabi_memset4</name>
         <value>0x1004957</value>
         <object_component_ref idref="oc-9e"/>
      </symbol>
      <symbol id="sm-1216">
         <name>__aeabi_memclr8</name>
         <value>0x1004955</value>
         <object_component_ref idref="oc-9e"/>
      </symbol>
      <symbol id="sm-1217">
         <name>__aeabi_memclr4</name>
         <value>0x1004955</value>
         <object_component_ref idref="oc-9e"/>
      </symbol>
      <symbol id="sm-1218">
         <name>__aeabi_memclr</name>
         <value>0x1004955</value>
         <object_component_ref idref="oc-9e"/>
      </symbol>
      <symbol id="sm-1240">
         <name>__TI_auto_init_nobinit_nopinit</name>
         <value>0x1005b01</value>
         <object_component_ref idref="oc-17a"/>
      </symbol>
      <symbol id="sm-124a">
         <name>_system_pre_init</name>
         <value>0x1006ddb</value>
         <object_component_ref idref="oc-11a"/>
      </symbol>
      <symbol id="sm-1256">
         <name>C$$EXIT</name>
         <value>0x1006ddf</value>
         <object_component_ref idref="oc-16e"/>
      </symbol>
      <symbol id="sm-1257">
         <name>abort</name>
         <value>0x1006ddf</value>
         <object_component_ref idref="oc-16e"/>
      </symbol>
      <symbol id="sm-126c">
         <name>_nop</name>
         <value>0x1004abb</value>
         <object_component_ref idref="oc-38d"/>
      </symbol>
      <symbol id="sm-126d">
         <name>_lock</name>
         <value>0x200089e4</value>
         <object_component_ref idref="oc-220"/>
      </symbol>
      <symbol id="sm-126e">
         <name>_unlock</name>
         <value>0x200089e8</value>
         <object_component_ref idref="oc-220"/>
      </symbol>
      <symbol id="sm-127d">
         <name>__TI_ltoa</name>
         <value>0x10051af</value>
         <object_component_ref idref="oc-873"/>
      </symbol>
      <symbol id="sm-1294">
         <name>atoi</name>
         <value>0x100552d</value>
         <object_component_ref idref="oc-640"/>
      </symbol>
      <symbol id="sm-129f">
         <name>_ctypes_</name>
         <value>0x1006de4</value>
         <object_component_ref idref="oc-858"/>
      </symbol>
      <symbol id="sm-12af">
         <name>memccpy</name>
         <value>0x10067cd</value>
         <object_component_ref idref="oc-669"/>
      </symbol>
      <symbol id="sm-12bf">
         <name>strchr</name>
         <value>0x1006a59</value>
         <object_component_ref idref="oc-8aa"/>
      </symbol>
      <symbol id="sm-12cd">
         <name>strlen</name>
         <value>0x1006b25</value>
         <object_component_ref idref="oc-63a"/>
      </symbol>
      <symbol id="sm-12e3">
         <name>__aeabi_errno_addr</name>
         <value>0x1006d89</value>
         <object_component_ref idref="oc-675"/>
      </symbol>
      <symbol id="sm-12e4">
         <name>errno</name>
         <value>0x20008a14</value>
         <object_component_ref idref="oc-8ba"/>
      </symbol>
      <symbol id="sm-12fd">
         <name>wcslen</name>
         <value>0x1006b93</value>
         <object_component_ref idref="oc-66f"/>
      </symbol>
      <symbol id="sm-131d">
         <name>frexpl</name>
         <value>0x1004f99</value>
         <object_component_ref idref="oc-89e"/>
      </symbol>
      <symbol id="sm-131e">
         <name>frexp</name>
         <value>0x1004f99</value>
         <object_component_ref idref="oc-89e"/>
      </symbol>
      <symbol id="sm-133c">
         <name>scalbn</name>
         <value>0x100347d</value>
         <object_component_ref idref="oc-8a4"/>
      </symbol>
      <symbol id="sm-133d">
         <name>scalbnl</name>
         <value>0x100347d</value>
         <object_component_ref idref="oc-8a4"/>
      </symbol>
      <symbol id="sm-133e">
         <name>ldexpl</name>
         <value>0x100347d</value>
         <object_component_ref idref="oc-8a4"/>
      </symbol>
      <symbol id="sm-133f">
         <name>ldexp</name>
         <value>0x100347d</value>
         <object_component_ref idref="oc-8a4"/>
      </symbol>
      <symbol id="sm-1349">
         <name>copysign</name>
         <value>0x1006d1d</value>
         <object_component_ref idref="oc-a52"/>
      </symbol>
      <symbol id="sm-134a">
         <name>copysignl</name>
         <value>0x1006d1d</value>
         <object_component_ref idref="oc-a52"/>
      </symbol>
      <symbol id="sm-134b">
         <name>__TI_static_base__</name>
         <value>0x10072f8</value>
      </symbol>
      <symbol id="sm-134e">
         <name>ITM_flush</name>
         <value>0x0</value>
      </symbol>
      <symbol id="sm-134f">
         <name>ITM_restore</name>
         <value>0x0</value>
      </symbol>
      <symbol id="sm-1350">
         <name>__mpu_init</name>
         <value>0x0</value>
      </symbol>
      <symbol id="sm-1351">
         <name>_system_post_cinit</name>
         <value>0x0</value>
      </symbol>
      <symbol id="sm-1352">
         <name>NoRTOS_start</name>
         <value>0x1006cbf</value>
      </symbol>
   </symbol_table>
   <title>Link successful</title>
</link_info>
