******************************************************************************
                  TI ARM Linker PC v20.2.7                     
******************************************************************************
>> Linked Mon Apr 17 22:36:35 2023

OUTPUT FILE NAME:   <gpiointerrupt_CC3220SF_LAUNCHXL_nortos_ccs.out>
ENTRY POINT SYMBOL: "resetISR"  address: 0100681d


MEMORY CONFIGURATION

         name            origin    length      used     unused   attr    fill
----------------------  --------  ---------  --------  --------  ----  --------
  FLASH_HDR             01000000   000007ff  00000000  000007ff  R  X
  FLASH                 01000800   000ff800  00006bf6  000f8c0a  R  X
  SRAM                  20000000   00040000  00009fb4  0003604c  RW X
  LOG_DATA              90000000   00040000  00000000  00040000  R   


SEGMENT ALLOCATION MAP

run origin  load origin   length   init length attrs members
----------  ----------- ---------- ----------- ----- -------
01000800    01000800    00006bf8   00006bf8    r-x
  01000800    01000800    00000040   00000040    r-- .resetVecs
  01000840    01000840    000065a2   000065a2    r-x .text
  01006de4    01006de4    00000514   00000514    r-- .const
  010072f8    010072f8    00000100   00000100    r-- .cinit
20000310    20000310    00008ca8   00000000    rw-
  20000310    20000310    00008000   00000000    rw- .sysmem
  20008310    20008310    00000708   00000000    rw- .data
  20008a18    20008a18    000005a0   00000000    rw- .bss
2003f000    2003f000    00001000   00000000    rw-
  2003f000    2003f000    00001000   00000000    rw- .stack


SECTION ALLOCATION MAP

 output                                  attributes/
section   page    origin      length       input sections
--------  ----  ----------  ----------   ----------------
.resetVecs 
*          0    01000800    00000040     
                  01000800    00000040     nortos_cc32xx.a : startup_cc32xx_ccs.oem4 (.resetVecs:retain)

.text      0    01000840    000065a2     
                  01000840    00000a4e     rtsv7M4_T_le_eabi.lib : _printfi.c.obj (.text:__TI_printfi)
                  0100128e    00000002     ti_drivers_config.obj (.text:Board_initHook)
                  01001290    0000042c     driverlib.a : prcm.obj (.text:PRCMCC3200MCUInit)
                  010016bc    00000288     drivers_cc32xx.a : UARTCC32XX.oem4 (.text:UARTCC32XX_open)
                  01001944    00000268     rtsv7M4_T_le_eabi.lib : _printfi.c.obj (.text:_pconv_a)
                  01001bac    000001cc                           : _printfi.c.obj (.text:_pconv_g)
                  01001d78    000001c8     gpiointerrupt.obj (.text:initI2C)
                  01001f40    000001b6     rtsv7M4_T_le_eabi.lib : fd_add_t2.asm.obj (.text)
                  010020f6    00000002     drivers_cc32xx.a : I2C.oem4 (.text:I2C_init)
                  010020f8    000001a0     nortos_cc32xx.a : PowerCC32XX_nortos.oem4 (.text:PowerCC32XX_sleepPolicy)
                  01002298    00000154     drivers_cc32xx.a : GPIOCC32XX.oem4 (.text:GPIO_setConfig)
                  010023ec    00000148                      : I2CCC32XX.oem4 (.text:I2CCC32XX_hwiFxn)
                  01002534    00000148                      : PowerCC32XX.oem4 (.text:parkPins)
                  0100267c    0000013c     rtsv7M4_T_le_eabi.lib : _printfi.c.obj (.text:_pconv_e)
                  010027b8    00000138     drivers_cc32xx.a : PowerCC32XX.oem4 (.text:Power_sleep)
                  010028f0    00000138                      : TimerCC32XX.oem4 (.text:Timer_open)
                  01002a28    00000136     rtsv7M4_T_le_eabi.lib : fd_div_t2.asm.obj (.text)
                  01002b5e    00000122     drivers_cc32xx.a : I2C.oem4 (.text:I2C_transferTimeout)
                  01002c80    00000120                      : UARTCC32XX.oem4 (.text:UARTCC32XX_close)
                  01002da0    00000120     rtsv7M4_T_le_eabi.lib : _printfi.c.obj (.text:fcvt)
                  01002ec0    00000100                           : memory.c.obj (.text:aligned_alloc)
                  01002fc0    000000fc     drivers_cc32xx.a : I2CCC32XX.oem4 (.text:I2C_open)
                  010030bc    000000fc     rtsv7M4_T_le_eabi.lib : fd_mul_t2.asm.obj (.text)
                  010031b8    000000f2     drivers_cc32xx.a : UARTCC32XX.oem4 (.text:UARTCC32XX_control)
                  010032aa    00000002     nortos_cc32xx.a : PowerCC32XX_nortos.oem4 (.text:PowerCC32XX_initPolicy)
                  010032ac    000000ec     gpiointerrupt.obj (.text:readTemp)
                  01003398    000000e4     rtsv7M4_T_le_eabi.lib : memory.c.obj (.text:free)
                  0100347c    000000d0                           : s_scalbn.c.obj (.text:scalbn)
                  0100354c    000000ca     drivers_cc32xx.a : UARTCC32XX.oem4 (.text:UARTCC32XX_write)
                  01003616    00000002     nortos_cc32xx.a : SemaphoreP_nortos.oem4 (.text:SemaphoreP_destruct)
                  01003618    000000c0     drivers_cc32xx.a : PowerCC32XX.oem4 (.text:restoreParkedPins)
                  010036d8    000000ba                      : UARTCC32XX.oem4 (.text:UARTCC32XX_readPolling)
                  01003792    00000002                      : Timer.oem4 (.text:Timer_init)
                  01003794    000000b8                      : UARTCC32XX.oem4 (.text:initHw)
                  0100384c    000000b6                      : UARTCC32XX.oem4 (.text:readTaskCallback)
                  01003902    000000b2                      : I2CCC32XX.oem4 (.text:I2CCC32XX_completeTransfer)
                  010039b4    000000b1     rtsv7M4_T_le_eabi.lib : _printfi.c.obj (.text:_ltostr)
                  01003a65    00000001     --HOLE-- [fill = 0]
                  01003a66    000000b0     drivers_cc32xx.a : UARTCC32XX.oem4 (.text:readTaskBlocking)
                  01003b16    000000ae                      : UARTCC32XX.oem4 (.text:readIsrTextBlocking)
                  01003bc4    000000a8                      : I2CCC32XX.oem4 (.text:I2CCC32XX_primeWriteBurst)
                  01003c6c    000000a8     driverlib.a : interrupt.obj (.text:IntEnable)
                  01003d14    000000a8     drivers_cc32xx.a : PowerCC32XX.oem4 (.text:PowerCC32XX_configureWakeup)
                  01003dbc    000000a4     gpiointerrupt.obj (.text:initTasks)
                  01003e60    000000a2     drivers_cc32xx.a : UARTCC32XX.oem4 (.text:readIsrTextCallback)
                  01003f02    000000a2                      : UARTCC32XX.oem4 (.text:writeData)
                  01003fa4    000000a0     nortos_cc32xx.a : SemaphoreP_nortos.oem4 (.text:SemaphoreP_pend)
                  01004044    0000009c     drivers_cc32xx.a : I2CCC32XX.oem4 (.text:I2CCC32XX_initHw)
                  010040e0    0000009c     rtsv7M4_T_le_eabi.lib : memcpy_t2.asm.obj (.text)
                  0100417c    00000096                           : ull_div_t2.asm.obj (.text)
                  01004212    00000002     drivers_cc32xx.a : UARTCC32XX.oem4 (.text:UARTCC32XX_init)
                  01004214    00000090                      : GPIOCC32XX.oem4 (.text:GPIO_init)
                  010042a4    00000090                      : PowerCC32XX.oem4 (.text:restoreNVICRegs)
                  01004334    0000008c     nortos_cc32xx.a : HwiPCC32XX_nortos.oem4 (.text:HwiP_construct)
                  010043c0    00000088     driverlib.a : interrupt.obj (.text:IntPendSet)
                  01004448    00000088                 : pin.obj (.text:PinConfigSet)
                  010044d0    00000086     rtsv7M4_T_le_eabi.lib : fd_cmp_t2.asm.obj (.text:__aeabi_cdcmple)
                  01004556    00000086                           : fd_cmp_t2.asm.obj (.text:__aeabi_cdrcmple)
                  010045dc    00000084     drivers_cc32xx.a : PowerCC32XX.oem4 (.text:Power_init)
                  01004660    00000084                      : PowerCC32XX.oem4 (.text:saveNVICRegs)
                  010046e4    00000080                      : GPIOCC32XX.oem4 (.text:GPIO_write)
                  01004764    00000080                      : PowerCC32XX.oem4 (.text:Power_setDependency)
                  010047e4    0000007c                      : UARTCC32XX.oem4 (.text:readIsrBinaryBlocking)
                  01004860    0000007a                      : I2CCC32XX.oem4 (.text:I2CCC32XX_primeReadBurst)
                  010048da    0000007a     rtsv7M4_T_le_eabi.lib : fs_mul_t2.asm.obj (.text)
                  01004954    0000007a                           : memset_t2.asm.obj (.text)
                  010049ce    00000078     drivers_cc32xx.a : UARTCC32XX.oem4 (.text:readIsrBinaryCallback)
                  01004a46    00000074                      : UARTCC32XX.oem4 (.text:UARTCC32XX_hwiIntFxn)
                  01004aba    00000002     rtsv7M4_T_le_eabi.lib : _lock.c.obj (.text:_nop)
                  01004abc    00000074     drivers_cc32xx.a : GPIOCC32XX.oem4 (.text:powerNotifyFxn)
                  01004b30    00000070     rtsv7M4_T_le_eabi.lib : memory.c.obj (.text:split)
                  01004ba0    0000006e                           : _printfi.c.obj (.text:_mcpy)
                  01004c0e    0000006a     drivers_cc32xx.a : I2CCC32XX.oem4 (.text:I2CSupport_primeTransfer)
                  01004c78    00000068     rtsv7M4_T_le_eabi.lib : copy_decompress_lzss.c.obj (.text:decompress:lzss:__TI_decompress_lzss)
                  01004ce0    00000066     drivers_cc32xx.a : UARTCC32XX.oem4 (.text:UARTCC32XX_writeCancel)
                  01004d46    00000002     nortos_cc32xx.a : startup_cc32xx_ccs.oem4 (.text:busFaultHandler)
                  01004d48    00000064     drivers_cc32xx.a : GPIOCC32XX.oem4 (.text:GPIO_setInterruptConfig)
                  01004dac    00000064                      : PowerCC32XX.oem4 (.text:PowerCC32XX_setParkState)
                  01004e10    00000064     gpiointerrupt.obj (.text:temperatureResponse)
                  01004e74    00000062     drivers_cc32xx.a : UARTCC32XX.oem4 (.text:UARTCC32XX_writePolling)
                  01004ed6    00000002     nortos_cc32xx.a : SemaphoreP_nortos.oem4 (.text:clkFxn)
                  01004ed8    00000060     drivers_cc32xx.a : GPIOCC32XX.oem4 (.text:GPIO_hwiIntFxn)
                  01004f38    00000060     driverlib.a : prcm.obj (.text:PRCMSysResetCauseGet)
                  01004f98    0000005c     rtsv7M4_T_le_eabi.lib : s_frexp.c.obj (.text:frexp)
                  01004ff4    0000005c     nortos_cc32xx.a : ClockPSysTick_nortos.oem4 (.text:sysTickInit)
                  01005050    00000058     driverlib.a : prcm.obj (.text:PRCMPeripheralReset)
                  010050a8    00000058     drivers_cc32xx.a : PowerCC32XX.oem4 (.text:Power_releaseDependency)
                  01005100    00000058     gpiointerrupt.obj (.text:reportResponse)
                  01005158    00000056     rtsv7M4_T_le_eabi.lib : _printfi.c.obj (.text:_pconv_f)
                  010051ae    00000054                           : _ltoa.c.obj (.text:__TI_ltoa)
                  01005202    00000054     drivers_cc32xx.a : UARTCC32XX.oem4 (.text:ringBufGet)
                  01005256    00000002     gpiointerrupt.obj (.text:coolLEDResponse)
                  01005258    00000054     gpiointerrupt.obj (.text:runThermostat)
                  010052ac    00000052     drivers_cc32xx.a : PowerCC32XX_asm.oem4 (.text:PowerCC32XX_resumeLPDS)
                  010052fe    00000052     rtsv7M4_T_le_eabi.lib : _printfi.c.obj (.text:_ecpy)
                  01005350    00000052     drivers_cc32xx.a : TimerCC32XX.oem4 (.text:initHw)
                  010053a2    00000002     nortos_cc32xx.a : startup_cc32xx_ccs.oem4 (.text:defaultHandler)
                  010053a4    00000050                     : ClockPSysTick_nortos.oem4 (.text:ClockP_sysTickHandler)
                  010053f4    00000050                     : SemaphoreP_nortos.oem4 (.text:SemaphoreP_construct)
                  01005444    00000050     drivers_cc32xx.a : TimerCC32XX.oem4 (.text:TimerCC32XX_allocateTimerResource)
                  01005494    0000004c                      : I2CCC32XX.oem4 (.text:I2CCC32XX_readRecieveFifo)
                  010054e0    0000004c                      : PowerCC32XX.oem4 (.text:PowerCC32XX_parkPin)
                  0100552c    0000004c     rtsv7M4_T_le_eabi.lib : atoi.c.obj (.text:atoi)
                  01005578    0000004c     drivers_cc32xx.a : PowerCC32XX.oem4 (.text:restorePeriphClocks)
                  010055c4    0000004c     rtsv7M4_T_le_eabi.lib : snprintf.c.obj (.text:snprintf)
                  01005610    00000048     driverlib.a : flash.obj (.text:FlashDisable)
                  01005658    00000048     drivers_cc32xx.a : GPIOCC32XX.oem4 (.text:GPIO_disableInt)
                  010056a0    00000048                      : GPIOCC32XX.oem4 (.text:GPIO_enableInt)
                  010056e8    00000048     driverlib.a : prcm.obj (.text:PRCMLPDSEnter)
                  01005730    00000048                 : prcm.obj (.text:PRCMPeripheralClkEnable)
                  01005778    00000048     drivers_cc32xx.a : PowerCC32XX.oem4 (.text:Power_releaseConstraint)
                  010057c0    00000048     gpiointerrupt.obj (.text:initGPIO)
                  01005808    00000048     gpiointerrupt.obj (.text:initTimer)
                  01005850    00000048     rtsv7M4_T_le_eabi.lib : fd_toi_t2.asm.obj (.text)
                  01005898    00000046     drivers_cc32xx.a : RingBuf.oem4 (.text:RingBuf_put)
                  010058de    00000046                      : TimerCC32XX.oem4 (.text:getPrescaler)
                  01005924    00000044     nortos_cc32xx.a : ClockPSysTick_nortos.oem4 (.text:ClockP_stop)
                  01005968    00000044     driverlib.a : prcm.obj (.text:PRCMLPDSRestoreInfoSet)
                  010059ac    00000044     drivers_cc32xx.a : PowerCC32XX_asm.oem4 (.text:PowerCC32XX_enterLPDS)
                  010059f0    00000044     nortos_cc32xx.a : SemaphoreP_nortos.oem4 (.text:SemaphoreP_post)
                  01005a34    00000044                     : SwiP_nortos.oem4 (.text:SwiP_restore)
                  01005a78    00000044     drivers_cc32xx.a : Timer.oem4 (.text:Timer_start)
                  01005abc    00000044                      : UART.oem4 (.text:UART_init)
                  01005b00    00000044     rtsv7M4_T_le_eabi.lib : autoinit.c.obj (.text:__TI_auto_init_nobinit_nopinit:__TI_auto_init_nobinit_nopinit)
                  01005b44    00000040     nortos_cc32xx.a : ClockPSysTick_nortos.oem4 (.text:ClockP_construct)
                  01005b84    00000040     driverlib.a : pin.obj (.text:PinModeSet)
                  01005bc4    00000040     drivers_cc32xx.a : RingBuf.oem4 (.text:RingBuf_get)
                  01005c04    00000040                      : TimerCC32XX.oem4 (.text:TimerSupport_timerEnable)
                  01005c44    00000040                      : TimerCC32XX.oem4 (.text:Timer_close)
                  01005c84    00000040                      : UARTCC32XX.oem4 (.text:UARTCC32XX_read)
                  01005cc4    00000040                      : UART.oem4 (.text:UART_open)
                  01005d04    00000040     gpiointerrupt.obj (.text:lowerTempButtonReponse)
                  01005d44    00000040     gpiointerrupt.obj (.text:raiseTempButtonReponse)
                  01005d84    0000003e     rtsv7M4_T_le_eabi.lib : _printfi.c.obj (.text:_fcpy)
                  01005dc2    00000002     nortos_cc32xx.a : startup_cc32xx_ccs.oem4 (.text:faultISR)
                  01005dc4    0000003c                     : ClockPSysTick_nortos.oem4 (.text:ClockP_destruct)
                  01005e00    0000003c     drivers_cc32xx.a : PowerCC32XX.oem4 (.text:Power_setConstraint)
                  01005e3c    0000003c     gpiointerrupt.obj (.text:heatLEDResponse)
                  01005e78    0000003c     gpiointerrupt.obj (.text:initUART)
                  01005eb4    0000003a     nortos_cc32xx.a : PowerCC32XX_nortos.oem4 (.text:getCountsRTC)
                  01005eee    00000002                     : startup_cc32xx_ccs.oem4 (.text:nmiISR)
                  01005ef0    00000038     driverlib.a : prcm.obj (.text:PRCMLPDSEnterKeepDebugIf)
                  01005f28    00000038     nortos_cc32xx.a : ClockPSysTick_nortos.oem4 (.text:addToList)
                  01005f60    00000038                     : startup_cc32xx_ccs.oem4 (.text:initVectors)
                  01005f98    00000038     drivers_cc32xx.a : PowerCC32XX.oem4 (.text:notify)
                  01005fd0    00000038     rtsv7M4_T_le_eabi.lib : fs_toi_t2.asm.obj (.text)
                  01006008    00000038                           : i_tofs_t2.asm.obj (.text)
                  01006040    00000036     driverlib.a : timer.obj (.text:TimerControlStall)
                  01006076    00000036     drivers_cc32xx.a : Timer.oem4 (.text:Timer_stop)
                  010060ac    00000036                      : UARTCC32XX.oem4 (.text:UARTCC32XX_readCancel)
                  010060e2    00000002     rtsv7M4_T_le_eabi.lib : div0.asm.obj (.text)
                  010060e4    00000034     nortos_cc32xx.a : ClockPSysTick_nortos.oem4 (.text:ClockP_getTicksUntilInterrupt)
                  01006118    00000034                     : ClockPSysTick_nortos.oem4 (.text:ClockP_startup)
                  0100614c    00000034     drivers_cc32xx.a : GPIOCC32XX.oem4 (.text:GPIO_read)
                  01006180    00000034     driverlib.a : pin.obj (.text:PinModeGet)
                  010061b4    00000034     drivers_cc32xx.a : PowerCC32XX.oem4 (.text:PowerCC32XX_restoreParkState)
                  010061e8    00000034                      : TimerCC32XX.oem4 (.text:TimerCC32XX_freeTimerResource)
                  0100621c    00000034                      : TimerCC32XX.oem4 (.text:TimerCC32XX_hwiIntFunction)
                  01006250    00000034     gpiointerrupt.obj (.text:createLowerTargetTempTimer)
                  01006284    00000034     gpiointerrupt.obj (.text:createRaiseTargetTempTimer)
                  010062b8    00000034     drivers_cc32xx.a : TimerCC32XX.oem4 (.text:getPowerMgrId)
                  010062ec    00000030     nortos_cc32xx.a : ClockPSysTick_nortos.oem4 (.text:ClockP_start)
                  0100631c    00000030     drivers_cc32xx.a : PowerCC32XX.oem4 (.text:PowerCC32XX_restoreParkedPin)
                  0100634c    00000030     rtsv7M4_T_le_eabi.lib : snprintf.c.obj (.text:_outs)
                  0100637c    0000002e                           : i_tofd_t2.asm.obj (.text)
                  010063aa    00000002     --HOLE-- [fill = 0]
                  010063ac    0000002c     drivers_cc32xx.a : PowerCC32XX.oem4 (.text:PowerCC32XX_getParkState)
                  010063d8    0000002a     nortos_cc32xx.a : HwiPCC32XX_nortos.oem4 (.text:HwiP_create)
                  01006402    0000002a     driverlib.a : timer.obj (.text:TimerLoadSet)
                  0100642c    0000002a                 : timer.obj (.text:TimerPrescaleSet)
                  01006456    00000028                 : i2c.obj (.text:I2CFIFODataPutNonBlocking)
                  0100647e    00000002     --HOLE-- [fill = 0]
                  01006480    00000028                 : prcm.obj (.text:PRCMPeripheralClkDisable)
                  010064a8    00000028     drivers_cc32xx.a : PowerCC32XX.oem4 (.text:Power_registerNotify)
                  010064d0    00000028     rtsv7M4_T_le_eabi.lib : memory.c.obj (.text:free_list_insert)
                  010064f8    00000026     driverlib.a : i2c.obj (.text:I2CFIFODataGetNonBlocking)
                  0100651e    00000026     drivers_cc32xx.a : I2C.oem4 (.text:I2C_cancel)
                  01006544    00000026                      : List.oem4 (.text:List_put)
                  0100656a    00000026                      : List.oem4 (.text:List_remove)
                  01006590    00000024     nortos_cc32xx.a : HwiPCC32XX_nortos.oem4 (.text:HwiP_dispatch)
                  010065b4    00000024     drivers_cc32xx.a : PowerCC32XX.oem4 (.text:PowerCC32XX_reset)
                  010065d8    00000024                      : TimerCC32XX.oem4 (.text:TimerSupport_timerDisable)
                  010065fc    00000024     rtsv7M4_T_le_eabi.lib : boot_cortex_m.c.obj (.text:_c_int00_noargs:_c_int00_noargs)
                  01006620    00000022     driverlib.a : i2c.obj (.text:I2CMasterSlaveAddrSet)
                  01006642    00000020     nortos_cc32xx.a : HwiPCC32XX_nortos.oem4 (.text:HwiP_destruct)
                  01006662    00000002     --HOLE-- [fill = 0]
                  01006664    00000020     drivers_cc32xx.a : PowerCC32XX.oem4 (.text:Power_unregisterNotify)
                  01006684    00000020                      : RingBuf.oem4 (.text:RingBuf_peek)
                  010066a4    00000020                      : UARTCC32XX.oem4 (.text:getPowerMgrId)
                  010066c4    0000001e     driverlib.a : i2c.obj (.text:I2CMasterIntStatusEx)
                  010066e2    0000001e     nortos_cc32xx.a : SemaphoreP_nortos.oem4 (.text:SemaphoreP_constructBinary)
                  01006700    0000001e     driverlib.a : timer.obj (.text:TimerDisable)
                  0100671e    0000001e                 : timer.obj (.text:TimerEnable)
                  0100673c    0000001e     gpiointerrupt.obj (.text:mainThread)
                  0100675a    00000002     --HOLE-- [fill = 0]
                  0100675c    0000001c     drivers_cc32xx.a : GPIO.oem4 (.text:GPIO_setCallback)
                  01006778    0000001c     driverlib.a : pin.obj (.text:PinToPadGet)
                  01006794    0000001c     nortos_cc32xx.a : SwiP_nortos.oem4 (.text:SwiP_disable)
                  010067b0    0000001c     rtsv7M4_T_le_eabi.lib : memory.c.obj (.text:free_list_remove)
                  010067cc    0000001c                           : memccpy.c.obj (.text:memccpy)
                  010067e8    0000001a     nortos_cc32xx.a : ClockPSysTick_nortos.oem4 (.text:ClockP_create)
                  01006802    0000001a                     : SemaphoreP_nortos.oem4 (.text:SemaphoreP_createBinary)
                  0100681c    0000001a                     : startup_cc32xx_ccs.oem4 (.text:resetISR)
                  01006836    00000018     driverlib.a : i2c.obj (.text:I2CMasterBusBusy)
                  0100684e    00000018                 : i2c.obj (.text:I2CMasterIntDisableEx)
                  01006866    00000018                 : i2c.obj (.text:I2CMasterIntEnableEx)
                  0100687e    00000018                 : i2c.obj (.text:I2CRxFIFOFlush)
                  01006896    00000018                 : i2c.obj (.text:I2CTxFIFOFlush)
                  010068ae    00000002     --HOLE-- [fill = 0]
                  010068b0    00000018     drivers_cc32xx.a : PowerCC32XX.oem4 (.text:Power_getTransitionLatency)
                  010068c8    00000018                      : PowerCC32XX.oem4 (.text:Power_idleFunc)
                  010068e0    00000018     driverlib.a : timer.obj (.text:TimerIntDisable)
                  010068f8    00000018                 : timer.obj (.text:TimerIntEnable)
                  01006910    00000018     drivers_cc32xx.a : TimerCC32XX.oem4 (.text:Timer_getCount)
                  01006928    00000018     driverlib.a : uart.obj (.text:UARTBusy)
                  01006940    00000018                 : uart.obj (.text:UARTIntEnable)
                  01006958    00000018     drivers_cc32xx.a : UART.oem4 (.text:UART_Params_init)
                  01006970    00000018     rtsv7M4_T_le_eabi.lib : snprintf.c.obj (.text:_outc)
                  01006988    00000018     gpiointerrupt.obj (.text:getLowerTargetTempTimer)
                  010069a0    00000018     gpiointerrupt.obj (.text:getRaiseTargetTempTimer)
                  010069b8    00000018     gpiointerrupt.obj (.text:lowerTempButtonPress)
                  010069d0    00000018     gpiointerrupt.obj (.text:raiseTempButtonPress)
                  010069e8    00000018     rtsv7M4_T_le_eabi.lib : ll_mul_t2.asm.obj (.text)
                  01006a00    00000016     driverlib.a : i2c.obj (.text:I2CMasterBurstLengthSet)
                  01006a16    00000016                 : prcm.obj (.text:PRCMHIBRegRead)
                  01006a2c    00000016                 : prcm.obj (.text:PRCMHIBRegWrite)
                  01006a42    00000016     nortos_cc32xx.a : SemaphoreP_nortos.oem4 (.text:SemaphoreP_create)
                  01006a58    00000016     rtsv7M4_T_le_eabi.lib : strchr.c.obj (.text:strchr)
                  01006a6e    00000014     ti_drivers_config.obj (.text:Board_init)
                  01006a82    00000014     driverlib.a : cpu.obj (.text:CPUcpsid)
                  01006a96    00000002     --HOLE-- [fill = 0]
                  01006a98    00000014     nortos_cc32xx.a : HwiPCC32XX_nortos.oem4 (.text:HwiP_inISR)
                  01006aac    00000014     drivers_cc32xx.a : I2CCC32XX.oem4 (.text:I2CSupport_masterFinish)
                  01006ac0    00000014                      : I2C.oem4 (.text:I2C_transfer)
                  01006ad4    00000014     driverlib.a : interrupt.obj (.text:IntVTableBaseSet)
                  01006ae8    00000014     drivers_cc32xx.a : PowerCC32XX.oem4 (.text:Power_disablePolicy)
                  01006afc    00000014                      : PowerCC32XX.oem4 (.text:Power_getDependencyCount)
                  01006b10    00000014                      : UARTCC32XX.oem4 (.text:releasePowerConstraint)
                  01006b24    00000014     rtsv7M4_T_le_eabi.lib : strlen.c.obj (.text:strlen)
                  01006b38    00000012     nortos_cc32xx.a : HwiPCC32XX_nortos.oem4 (.text:HwiP_Params_init)
                  01006b4a    00000012     driverlib.a : i2c.obj (.text:I2CMasterIntClearEx)
                  01006b5c    00000012     drivers_cc32xx.a : RingBuf.oem4 (.text:RingBuf_construct)
                  01006b6e    00000012     driverlib.a : timer.obj (.text:TimerIntClear)
                  01006b80    00000012     main_nortos.obj (.text:main)
                  01006b92    00000012     rtsv7M4_T_le_eabi.lib : wcslen.c.obj (.text:wcslen)
                  01006ba4    00000010     nortos_cc32xx.a : ClockPSysTick_nortos.oem4 (.text:ClockP_add)
                  01006bb4    00000010                     : ClockPSysTick_nortos.oem4 (.text:ClockP_delete)
                  01006bc4    00000010                     : ClockPSysTick_nortos.oem4 (.text:ClockP_getCpuFreq)
                  01006bd4    00000010                     : ClockPSysTick_nortos.oem4 (.text:ClockP_getSystemTicks)
                  01006be4    00000010                     : ClockPSysTick_nortos.oem4 (.text:ClockP_setTicks)
                  01006bf4    00000010                     : HwiPCC32XX_nortos.oem4 (.text:HwiP_delete)
                  01006c04    00000010                     : HwiPCC32XX_nortos.oem4 (.text:HwiP_restore)
                  01006c14    00000010     driverlib.a : i2c.obj (.text:I2CFIFOStatus)
                  01006c24    00000010     drivers_cc32xx.a : I2C.oem4 (.text:I2C_Params_init)
                  01006c34    00000010                      : PowerCC32XX.oem4 (.text:Power_enablePolicy)
                  01006c44    00000010     nortos_cc32xx.a : SemaphoreP_nortos.oem4 (.text:SemaphoreP_Params_init)
                  01006c54    00000010     drivers_cc32xx.a : Timer.oem4 (.text:Timer_Params_init)
                  01006c64    00000010     gpiointerrupt.obj (.text:lowerTemperature)
                  01006c74    00000010     gpiointerrupt.obj (.text:raiseTemperature)
                  01006c84    00000010     drivers_cc32xx.a : UARTCC32XX.oem4 (.text:readBlockingTimeout)
                  01006c94    0000000e     nortos_cc32xx.a : HwiPCC32XX_nortos.oem4 (.text:HwiP_clearInterrupt)
                  01006ca2    0000000e                     : HwiPCC32XX_nortos.oem4 (.text:HwiP_disable)
                  01006cb0    0000000e                     : HwiPCC32XX_nortos.oem4 (.text:HwiP_disableInterrupt)
                  01006cbe    0000000e                     : HwiPCC32XX_nortos.oem4 (.text:HwiP_enable)
                  01006ccc    0000000e                     : HwiPCC32XX_nortos.oem4 (.text:HwiP_enableInterrupt)
                  01006cda    0000000e     drivers_cc32xx.a : I2CCC32XX.oem4 (.text:I2CCC32XX_updateReg)
                  01006ce8    0000000e                      : RingBuf.oem4 (.text:RingBuf_isFull)
                  01006cf6    0000000e     rtsv7M4_T_le_eabi.lib : copy_decompress_none.c.obj (.text:decompress:none:__TI_decompress_none)
                  01006d04    0000000c     drivers_cc32xx.a : I2CCC32XX.oem4 (.text:I2CCC32XX_postNotify)
                  01006d10    0000000c                      : PowerCC32XX.oem4 (.text:Power_getConstraintMask)
                  01006d1c    0000000c     rtsv7M4_T_le_eabi.lib : s_copysign.c.obj (.text:copysign)
                  01006d28    0000000c                           : copy_zero_init.c.obj (.text:decompress:ZI:__TI_zero_init)
                  01006d34    0000000c     drivers_cc32xx.a : TimerCC32XX.oem4 (.text:postNotifyFxn)
                  01006d40    0000000c                      : UARTCC32XX.oem4 (.text:postNotifyFxn)
                  01006d4c    0000000c     gpiointerrupt.obj (.text:timerCallback)
                  01006d58    0000000a     nortos_cc32xx.a : ClockPSysTick_nortos.oem4 (.text:ClockP_Params_init)
                  01006d62    0000000a                     : ClockPSysTick_nortos.oem4 (.text:ClockP_isActive)
                  01006d6c    0000000a     driverlib.a : interrupt.obj (.text:IntMasterDisable)
                  01006d76    0000000a     drivers_cc32xx.a : UART.oem4 (.text:UART_write)
                  01006d80    00000008                      : I2CCC32XX.oem4 (.text:I2CCC32XX_blockingCallback)
                  01006d88    00000008     rtsv7M4_T_le_eabi.lib : errno.c.obj (.text:__aeabi_errno_addr)
                  01006d90    00000008     gpiointerrupt.obj (.text:heatLEDOff)
                  01006d98    00000008     gpiointerrupt.obj (.text:heatLEDOn)
                  01006da0    00000008     rtsv7M4_T_le_eabi.lib : memory.c.obj (.text:malloc)
                  01006da8    00000008     drivers_cc32xx.a : UARTCC32XX.oem4 (.text:readSemCallback)
                  01006db0    00000008                      : UARTCC32XX.oem4 (.text:writeSemCallback)
                  01006db8    00000006                      : I2CCC32XX.oem4 (.text:I2CSupport_powerRelConstraint)
                  01006dbe    00000006                      : I2CCC32XX.oem4 (.text:I2CSupport_powerSetConstraint)
                  01006dc4    00000006     driverlib.a : utils.obj (.text:UtilsDelay)
                  01006dca    00000004     nortos_cc32xx.a : ClockPSysTick_nortos.oem4 (.text:ClockP_doTick)
                  01006dce    00000004                     : ClockPSysTick_nortos.oem4 (.text:ClockP_setTimeout)
                  01006dd2    00000004                     : HwiPCC32XX_nortos.oem4 (.text:HwiP_post)
                  01006dd6    00000004                     : SemaphoreP_nortos.oem4 (.text:SemaphoreP_delete)
                  01006dda    00000004     rtsv7M4_T_le_eabi.lib : pre_init.c.obj (.text:_system_pre_init)
                  01006dde    00000004                           : exit.c.obj (.text:abort:abort)

.const     0    01006de4    00000514     
                  01006de4    00000101     rtsv7M4_T_le_eabi.lib : ctype.c.obj (.const:.string:_ctypes_)
                  01006ee5    00000003     --HOLE-- [fill = 0]
                  01006ee8    00000100     driverlib.a : pin.obj (.const:g_ulPinToPadMap)
                  01006fe8    000000a8                 : prcm.obj (.const:PRCM_PeriphRegsList)
                  01007090    00000044     ti_drivers_config.obj (.const:PowerCC32XX_config)
                  010070d4    00000030     ti_drivers_config.obj (.const:timerCC32XXHWAttrs)
                  01007104    00000028     drivers_cc32xx.a : UARTCC32XX.oem4 (.const:UARTCC32XX_fxnTable)
                  0100712c    00000028                      : GPIOCC32XX.oem4 (.const:portConfigs)
                  01007154    00000024                      : UART.oem4 (.const:UART_defaultParams)
                  01007178    00000024     ti_drivers_config.obj (.const:uartCC32XXHWAttrs0)
                  0100719c    00000021     drivers_cc32xx.a : GPIOCC32XX.oem4 (.const:.string:pinTable)
                  010071bd    00000003     --HOLE-- [fill = 0]
                  010071c0    00000020                      : UARTCC32XX.oem4 (.const:staticFxnTable)
                  010071e0    00000018     ti_drivers_config.obj (.const:Timer_config)
                  010071f8    00000018     driverlib.a : interrupt.obj (.const:g_pulEnRegs)
                  01007210    00000018                 : interrupt.obj (.const:g_pulPendRegs)
                  01007228    00000018     gpiointerrupt.obj (.const:sensors)
                  01007240    00000014     ti_drivers_config.obj (.const:i2cCC32XXHWAttrs)
                  01007254    00000014     drivers_cc32xx.a : UARTCC32XX.oem4 (.const:parityType)
                  01007268    00000010     ti_drivers_config.obj (.const:GPIO_config)
                  01007278    00000010     drivers_cc32xx.a : I2C.oem4 (.const:I2C_defaultParams)
                  01007288    00000010                      : I2CCC32XX.oem4 (.const:I2C_defaultParams)
                  01007298    00000010                      : UARTCC32XX.oem4 (.const:dataLength)
                  010072a8    0000000d     ti_drivers_config.obj (.const)
                  010072b5    00000003     --HOLE-- [fill = 0]
                  010072b8    0000000c     gpiointerrupt.obj (.const:.string)
                  010072c4    0000000c     ti_drivers_config.obj (.const:UART_config)
                  010072d0    0000000c     drivers_cc32xx.a : Timer.oem4 (.const:defaultParams)
                  010072dc    0000000c                      : TimerCC32XX.oem4 (.const:defaultParams)
                  010072e8    00000008     ti_drivers_config.obj (.const:I2C_config)
                  010072f0    00000008     drivers_cc32xx.a : UARTCC32XX.oem4 (.const:stopBits)

.cinit     0    010072f8    00000100     
                  010072f8    000000d7     (.cinit..data.load) [load image, compression = lzss]
                  010073cf    00000001     --HOLE-- [fill = 0]
                  010073d0    0000000c     (__TI_handler_table)
                  010073dc    00000004     --HOLE-- [fill = 0]
                  010073e0    00000008     (.cinit..bss.load) [load image, compression = zero_init]
                  010073e8    00000010     (__TI_cinit_table)

.init_array 
*          0    01000800    00000000     UNINITIALIZED

.ramVecs   0    20000000    0000030c     NOLOAD SECTION
                  20000000    0000030c     nortos_cc32xx.a : startup_cc32xx_ccs.oem4 (.ramVecs)

.sysmem    0    20000310    00008000     UNINITIALIZED
                  20000310    00000010     rtsv7M4_T_le_eabi.lib : memory.c.obj (.sysmem)
                  20000320    00007ff0     --HOLE--

.data      0    20008310    00000708     UNINITIALIZED
                  20008310    0000030c     nortos_cc32xx.a : HwiPCC32XX_nortos.oem4 (.data:HwiP_dispatchTable)
                  2000861c    0000016c     drivers_cc32xx.a : PowerCC32XX.oem4 (.data:PowerCC32XX_module)
                  20008788    000000f8     ti_drivers_config.obj (.data:parkInfo)
                  20008880    000000e0     gpiointerrupt.obj (.data:$O1$$)
                  20008960    00000084     ti_drivers_config.obj (.data:gpioPinConfigs)
                  200089e4    00000008     rtsv7M4_T_le_eabi.lib : _lock.c.obj (.data:$O1$$)
                  200089ec    00000008                           : memory.c.obj (.data:$O1$$)
                  200089f4    00000008     nortos_cc32xx.a : SemaphoreP_nortos.oem4 (.data:SemaphoreP_defaultParams)
                  200089fc    00000008                     : HwiPCC32XX_nortos.oem4 (.data)
                  20008a04    00000005     gpiointerrupt.obj (.data)
                  20008a09    00000003     nortos_cc32xx.a : SemaphoreP_nortos.oem4 (.data)
                  20008a0c    00000005                     : ClockPSysTick_nortos.oem4 (.data)
                  20008a11    00000002     drivers_cc32xx.a : GPIOCC32XX.oem4 (.data)
                  20008a13    00000001                      : UART.oem4 (.data)
                  20008a14    00000004     rtsv7M4_T_le_eabi.lib : errno.c.obj (.data)

.bss       0    20008a18    000005a0     UNINITIALIZED
                  20008a18    0000018c     (.common:timerCC32XXObjects)
                  20008ba4    0000012c     (.common:PowerCC32XX_contextSave)
                  20008cd0    000000fc     (.common:i2cCC32XXObjects)
                  20008dcc    00000084     (.common:gpioCallbackFunctions)
                  20008e50    00000084     (.common:gpioUserArgs)
                  20008ed4    00000084     (.common:uartCC32XXObjects0)
                  20008f58    00000020     ti_drivers_config.obj (.bss:uartCC32XXRingBuffer0)
                  20008f78    00000014     drivers_cc32xx.a : GPIOCC32XX.oem4 (.bss:powerNotifyObj)
                  20008f8c    00000004                      : GPIOCC32XX.oem4 (.bss)
                  20008f90    00000010     (.common:ClockP_ctrl)
                  20008fa0    0000000d     nortos_cc32xx.a : SwiP_nortos.oem4 (.bss)
                  20008fad    00000001     (.common:lowerTempButtonPressed)
                  20008fae    00000001     (.common:raiseTempButtonPressed)
                  20008faf    00000001     --HOLE--
                  20008fb0    00000004                     : ClockPSysTick_nortos.oem4 (.bss)
                  20008fb4    00000004     drivers_cc32xx.a : TimerCC32XX.oem4 (.bss:timerState)

.stack     0    2003f000    00001000     UNINITIALIZED
                  2003f000    00000004     rtsv7M4_T_le_eabi.lib : boot_cortex_m.c.obj (.stack)
                  2003f004    00000ffc     --HOLE--

.log_data 
*          0    90000000    00000000     COPY SECTION

__llvm_prf_cnts 
*          0    20000000    00000000     UNINITIALIZED

.binit     0    01000000    00000000     

MODULE SUMMARY

       Module                       code    ro data   rw data
       ------                       ----    -------   -------
    .\
       gpiointerrupt.obj            1812    36        231    
       main_nortos.obj              18      0         0      
    +--+----------------------------+-------+---------+---------+
       Total:                       1830    36        231    
                                                             
    .\syscfg\
       ti_drivers_config.obj        22      245       1456   
    +--+----------------------------+-------+---------+---------+
       Total:                       22      245       1456   
                                                             
    C:/ti/simplelink_cc32xx_sdk_6_10_00_05/kernel/nortos/lib/ccs/m4/nortos_cc32xx.a
       HwiPCC32XX_nortos.oem4       394     0         788    
       startup_cc32xx_ccs.oem4      90      64        780    
       ClockPSysTick_nortos.oem4    706     0         25     
       PowerCC32XX_nortos.oem4      476     0         0      
       SemaphoreP_nortos.oem4       410     0         11     
       SwiP_nortos.oem4             96      0         13     
    +--+----------------------------+-------+---------+---------+
       Total:                       2172    64        1617   
                                                             
    C:/ti/simplelink_cc32xx_sdk_6_10_00_05/source/ti/devices/cc32xx/driverlib/ccs/Release/driverlib.a
       prcm.obj                     1604    168       0      
       pin.obj                      280     256       0      
       interrupt.obj                334     48        0      
       i2c.obj                      318     0         0      
       timer.obj                    264     0         0      
       flash.obj                    72      0         0      
       uart.obj                     48      0         0      
       cpu.obj                      20      0         0      
       utils.obj                    6       0         0      
    +--+----------------------------+-------+---------+---------+
       Total:                       2946    472       0      
                                                             
    C:/ti/simplelink_cc32xx_sdk_6_10_00_05/source/ti/drivers/lib/ccs/m4/drivers_cc32xx.a
       UARTCC32XX.oem4              3466    116       0      
       PowerCC32XX.oem4             2432    0         664    
       I2CCC32XX.oem4               1452    16        0      
       GPIOCC32XX.oem4              1120    73        26     
       TimerCC32XX.oem4             900     12        4      
       I2C.oem4                     366     16        0      
       UART.oem4                    166     36        1      
       RingBuf.oem4                 198     0         0      
       Timer.oem4                   140     12        0      
       PowerCC32XX_asm.oem4         150     0         0      
       List.oem4                    76      0         0      
       GPIO.oem4                    28      0         0      
    +--+----------------------------+-------+---------+---------+
       Total:                       10494   281       695    
                                                             
    C:\ti\ccs1220\ccs\tools\compiler\ti-cgt-arm_20.2.7.LTS\lib\rtsv7M4_T_le_eabi.lib
       _printfi.c.obj               4835    0         0      
       memory.c.obj                 672     0         8      
       fd_add_t2.asm.obj            438     0         0      
       fd_div_t2.asm.obj            310     0         0      
       fd_cmp_t2.asm.obj            268     0         0      
       ctype.c.obj                  0       257       0      
       fd_mul_t2.asm.obj            252     0         0      
       s_scalbn.c.obj               208     0         0      
       memcpy_t2.asm.obj            156     0         0      
       ull_div_t2.asm.obj           150     0         0      
       snprintf.c.obj               148     0         0      
       fs_mul_t2.asm.obj            122     0         0      
       memset_t2.asm.obj            122     0         0      
       copy_decompress_lzss.c.obj   104     0         0      
       s_frexp.c.obj                92      0         0      
       _ltoa.c.obj                  84      0         0      
       atoi.c.obj                   76      0         0      
       fd_toi_t2.asm.obj            72      0         0      
       autoinit.c.obj               68      0         0      
       fs_toi_t2.asm.obj            56      0         0      
       i_tofs_t2.asm.obj            56      0         0      
       i_tofd_t2.asm.obj            46      0         0      
       boot_cortex_m.c.obj          36      0         0      
       memccpy.c.obj                28      0         0      
       ll_mul_t2.asm.obj            24      0         0      
       strchr.c.obj                 22      0         0      
       strlen.c.obj                 20      0         0      
       wcslen.c.obj                 18      0         0      
       copy_decompress_none.c.obj   14      0         0      
       copy_zero_init.c.obj         12      0         0      
       errno.c.obj                  8       0         4      
       s_copysign.c.obj             12      0         0      
       _lock.c.obj                  2       0         8      
       exit.c.obj                   4       0         0      
       pre_init.c.obj               4       0         0      
       div0.asm.obj                 2       0         0      
    +--+----------------------------+-------+---------+---------+
       Total:                       8541    257       20     
                                                             
       Heap:                        0       0         32768  
       Stack:                       0       0         4096   
       Linker Generated:            0       251       0      
    +--+----------------------------+-------+---------+---------+
       Grand Total:                 26005   1606      40883  


LINKER GENERATED COPY TABLES

__TI_cinit_table @ 010073e8 records: 2, size/record: 8, table size: 16
	.data: load addr=010072f8, load size=000000d7 bytes, run addr=20008310, run size=00000708 bytes, compression=lzss
	.bss: load addr=010073e0, load size=00000008 bytes, run addr=20008a18, run size=000005a0 bytes, compression=zero_init


LINKER GENERATED HANDLER TABLE

__TI_handler_table @ 010073d0 records: 3, size/record: 4, table size: 12
	index: 0, handler: __TI_decompress_lzss
	index: 1, handler: __TI_decompress_none
	index: 2, handler: __TI_zero_init


GLOBAL SYMBOLS: SORTED ALPHABETICALLY BY Name 

address   name                             
-------   ----                             
01006a6f  Board_init                       
0100128f  Board_initHook                   
01006ddf  C$$EXIT                          
010072aa  CONFIG_GPIO_BUTTON_0_CONST       
010072ab  CONFIG_GPIO_BUTTON_1_CONST       
010072ac  CONFIG_GPIO_LED_0_CONST          
010072ad  CONFIG_I2C_0_CONST               
010072af  CONFIG_TIMER_0_CONST             
010072b0  CONFIG_TIMER_1_CONST             
010072b1  CONFIG_TIMER_2_CONST             
010072b3  CONFIG_UART_0_CONST              
01006a83  CPUcpsid                         
01006d59  ClockP_Params_init               
01006ba5  ClockP_add                       
01005b45  ClockP_construct                 
010067e9  ClockP_create                    
20008f90  ClockP_ctrl                      
01006bb5  ClockP_delete                    
01005dc5  ClockP_destruct                  
01006dcb  ClockP_doTick                    
01006bc5  ClockP_getCpuFreq                
01006bd5  ClockP_getSystemTicks            
010060e5  ClockP_getTicksUntilInterrupt    
01006d63  ClockP_isActive                  
01006be5  ClockP_setTicks                  
01006dcf  ClockP_setTimeout                
010062ed  ClockP_start                     
01006119  ClockP_startup                   
01005925  ClockP_stop                      
010053a5  ClockP_sysTickHandler            
20008a0c  ClockP_tickPeriod                
20008a06  CoolLEDState                     
01005611  FlashDisable                     
01007268  GPIO_config                      
01005659  GPIO_disableInt                  
010056a1  GPIO_enableInt                   
01004ed9  GPIO_hwiIntFxn                   
01004215  GPIO_init                        
010072a8  GPIO_pinLowerBound               
010072a9  GPIO_pinUpperBound               
0100614d  GPIO_read                        
0100675d  GPIO_setCallback                 
01002299  GPIO_setConfig                   
01004d49  GPIO_setInterruptConfig          
010046e5  GPIO_write                       
20008a07  HeatLEDState                     
01006b39  HwiP_Params_init                 
01006c95  HwiP_clearInterrupt              
01004335  HwiP_construct                   
010063d9  HwiP_create                      
01006bf5  HwiP_delete                      
01006643  HwiP_destruct                    
01006ca3  HwiP_disable                     
01006cb1  HwiP_disableInterrupt            
01006591  HwiP_dispatch                    
01006cbf  HwiP_enable                      
01006ccd  HwiP_enableInterrupt             
01006a99  HwiP_inISR                       
200089fc  HwiP_key                         
01006dd3  HwiP_post                        
01006c05  HwiP_restore                     
20008a00  HwiP_swiPIntNum                  
010064f9  I2CFIFODataGetNonBlocking        
01006457  I2CFIFODataPutNonBlocking        
01006c15  I2CFIFOStatus                    
01006a01  I2CMasterBurstLengthSet          
01006837  I2CMasterBusBusy                 
01006b4b  I2CMasterIntClearEx              
0100684f  I2CMasterIntDisableEx            
01006867  I2CMasterIntEnableEx             
010066c5  I2CMasterIntStatusEx             
01006621  I2CMasterSlaveAddrSet            
0100687f  I2CRxFIFOFlush                   
01006aad  I2CSupport_masterFinish          
01006db9  I2CSupport_powerRelConstraint    
01006dbf  I2CSupport_powerSetConstraint    
01004c0f  I2CSupport_primeTransfer         
01006897  I2CTxFIFOFlush                   
01006c25  I2C_Params_init                  
0100651f  I2C_cancel                       
010072e8  I2C_config                       
010072ae  I2C_count                        
01007278  I2C_defaultParams                
010020f7  I2C_init                         
01002fc1  I2C_open                         
01006ac1  I2C_transfer                     
01002b5f  I2C_transferTimeout              
UNDEFED   ITM_flush                        
UNDEFED   ITM_restore                      
01003c6d  IntEnable                        
01006d6d  IntMasterDisable                 
010043c1  IntPendSet                       
01006ad5  IntVTableBaseSet                 
01006545  List_put                         
0100656b  List_remove                      
01006cbf  NoRTOS_start                     
01001291  PRCMCC3200MCUInit                
01006a17  PRCMHIBRegRead                   
01006a2d  PRCMHIBRegWrite                  
010056e9  PRCMLPDSEnter                    
01005ef1  PRCMLPDSEnterKeepDebugIf         
01005969  PRCMLPDSRestoreInfoSet           
01006481  PRCMPeripheralClkDisable         
01005731  PRCMPeripheralClkEnable          
01005051  PRCMPeripheralReset              
01004f39  PRCMSysResetCauseGet             
01004449  PinConfigSet                     
01006181  PinModeGet                       
01005b85  PinModeSet                       
01006779  PinToPadGet                      
01007090  PowerCC32XX_config               
01003d15  PowerCC32XX_configureWakeup      
20008ba4  PowerCC32XX_contextSave          
010059ad  PowerCC32XX_enterLPDS            
010063ad  PowerCC32XX_getParkState         
010032ab  PowerCC32XX_initPolicy           
2000861c  PowerCC32XX_module               
010054e1  PowerCC32XX_parkPin              
010065b5  PowerCC32XX_reset                
010061b5  PowerCC32XX_restoreParkState     
0100631d  PowerCC32XX_restoreParkedPin     
010052ad  PowerCC32XX_resumeLPDS           
01004dad  PowerCC32XX_setParkState         
010020f9  PowerCC32XX_sleepPolicy          
01006ae9  Power_disablePolicy              
01006c35  Power_enablePolicy               
01006d11  Power_getConstraintMask          
01006afd  Power_getDependencyCount         
010068b1  Power_getTransitionLatency       
010068c9  Power_idleFunc                   
010045dd  Power_init                       
010064a9  Power_registerNotify             
01005779  Power_releaseConstraint          
010050a9  Power_releaseDependency          
01005e01  Power_setConstraint              
01004765  Power_setDependency              
010027b9  Power_sleep                      
01006665  Power_unregisterNotify           
20008a05  ReportState                      
01006b5d  RingBuf_construct                
01005bc5  RingBuf_get                      
01006ce9  RingBuf_isFull                   
01006685  RingBuf_peek                     
01005899  RingBuf_put                      
01006c45  SemaphoreP_Params_init           
010053f5  SemaphoreP_construct             
010066e3  SemaphoreP_constructBinary       
01006a43  SemaphoreP_create                
01006803  SemaphoreP_createBinary          
200089f4  SemaphoreP_defaultParams         
01006dd7  SemaphoreP_delete                
01003617  SemaphoreP_destruct              
01003fa5  SemaphoreP_pend                  
010059f1  SemaphoreP_post                  
01006795  SwiP_disable                     
01005a35  SwiP_restore                     
20008a08  ThermState                       
01005445  TimerCC32XX_allocateTimerResource
010061e9  TimerCC32XX_freeTimerResource    
01006041  TimerControlStall                
01006701  TimerDisable                     
0100671f  TimerEnable                      
20008a04  TimerFlag                        
01006b6f  TimerIntClear                    
010068e1  TimerIntDisable                  
010068f9  TimerIntEnable                   
01006403  TimerLoadSet                     
0100642d  TimerPrescaleSet                 
010065d9  TimerSupport_timerDisable        
01005c05  TimerSupport_timerEnable         
01006c55  Timer_Params_init                
01005c45  Timer_close                      
010071e0  Timer_config                     
010072b2  Timer_count                      
01006911  Timer_getCount                   
01003793  Timer_init                       
010028f1  Timer_open                       
01005a79  Timer_start                      
01006077  Timer_stop                       
01006929  UARTBusy                         
01002c81  UARTCC32XX_close                 
010031b9  UARTCC32XX_control               
01007104  UARTCC32XX_fxnTable              
01004213  UARTCC32XX_init                  
010016bd  UARTCC32XX_open                  
01005c85  UARTCC32XX_read                  
010060ad  UARTCC32XX_readCancel            
010036d9  UARTCC32XX_readPolling           
0100354d  UARTCC32XX_write                 
01004ce1  UARTCC32XX_writeCancel           
01004e75  UARTCC32XX_writePolling          
01006941  UARTIntEnable                    
01006959  UART_Params_init                 
010072c4  UART_config                      
010072b4  UART_count                       
01007154  UART_defaultParams               
01005abd  UART_init                        
01005cc5  UART_open                        
01006d77  UART_write                       
01006dc5  UtilsDelay                       
20040000  __STACK_END                      
00001000  __STACK_SIZE                     
00008000  __SYSMEM_SIZE                    
010073e8  __TI_CINIT_Base                  
010073f8  __TI_CINIT_Limit                 
010073d0  __TI_Handler_Table_Base          
010073dc  __TI_Handler_Table_Limit         
01005b01  __TI_auto_init_nobinit_nopinit   
01004c79  __TI_decompress_lzss             
01006cf7  __TI_decompress_none             
010051af  __TI_ltoa                        
ffffffff  __TI_pprof_out_hndl              
01000841  __TI_printfi                     
ffffffff  __TI_prof_data_size              
ffffffff  __TI_prof_data_start             
010072f8  __TI_static_base__               
01006d29  __TI_zero_init                   
010044d1  __aeabi_cdcmpeq                  
010044d1  __aeabi_cdcmple                  
01004557  __aeabi_cdrcmple                 
01005851  __aeabi_d2iz                     
01001f4b  __aeabi_dadd                     
01002a29  __aeabi_ddiv                     
010030bd  __aeabi_dmul                     
01001f41  __aeabi_dsub                     
01006d89  __aeabi_errno_addr               
01005fd1  __aeabi_f2iz                     
010048db  __aeabi_fmul                     
0100637d  __aeabi_i2d                      
01006009  __aeabi_i2f                      
010060e3  __aeabi_idiv0                    
010060e3  __aeabi_ldiv0                    
010069e9  __aeabi_lmul                     
01004955  __aeabi_memclr                   
01004955  __aeabi_memclr4                  
01004955  __aeabi_memclr8                  
010040e1  __aeabi_memcpy                   
010040e1  __aeabi_memcpy4                  
010040e1  __aeabi_memcpy8                  
01004957  __aeabi_memset                   
01004957  __aeabi_memset4                  
01004957  __aeabi_memset8                  
0100417d  __aeabi_uldivmod                 
ffffffff  __binit__                        
ffffffff  __c_args__                       
UNDEFED   __mpu_init                       
2003f000  __stack                          
20000000  __start___llvm_prf_cnts          
20000000  __stop___llvm_prf_cnts           
010065fd  _c_int00_noargs                  
01006de4  _ctypes_                         
200089e4  _lock                            
01004abb  _nop                             
20000310  _sys_memory                      
UNDEFED   _system_post_cinit               
01006ddb  _system_pre_init                 
200089e8  _unlock                          
01006ddf  abort                            
01002ec1  aligned_alloc                    
0100552d  atoi                             
ffffffff  binit                            
01004ed7  clkFxn                           
01005257  coolLEDResponse                  
20008881  cooling                          
01006d1d  copysign                         
01006d1d  copysignl                        
01006251  createLowerTargetTempTimer       
01006285  createRaiseTargetTempTimer       
20008a14  errno                            
01003399  free                             
01004f99  frexp                            
01004f99  frexpl                           
01006989  getLowerTargetTempTimer          
010069a1  getRaiseTargetTempTimer          
20008dcc  gpioCallbackFunctions            
20008960  gpioPinConfigs                   
20008e50  gpioUserArgs                     
01006d91  heatLEDOff                       
01006d99  heatLEDOn                        
01005e3d  heatLEDResponse                  
20008882  heating                          
2000888c  i2c                              
01007240  i2cCC32XXHWAttrs                 
20008cd0  i2cCC32XXObjects                 
200088a0  i2cTransaction                   
010057c1  initGPIO                         
01001d79  initI2C                          
01003dbd  initTasks                        
01005809  initTimer                        
01005e79  initUART                         
01005f61  initVectors                      
0100347d  ldexp                            
0100347d  ldexpl                           
010069b9  lowerTempButtonPress             
20008fad  lowerTempButtonPressed           
01005d05  lowerTempButtonReponse           
01006c65  lowerTemperature                 
20008898  lower_target_temp_timer          
01006b81  main                             
0100673d  mainThread                       
01006da1  malloc                           
01002ec1  memalign                         
010067cd  memccpy                          
010040e1  memcpy                           
0100495d  memset                           
200088c0  output                           
20008788  parkInfo                         
010069d1  raiseTempButtonPress             
20008fae  raiseTempButtonPressed           
01005d45  raiseTempButtonReponse           
01006c75  raiseTemperature                 
2000889c  raise_target_temp_timer          
010032ad  readTemp                         
01005101  reportResponse                   
0100681d  resetISR                         
01006830  resetVectorAddr                  
01000800  resetVectors                     
01005259  runThermostat                    
20008883  rxBuffer                         
0100347d  scalbn                           
0100347d  scalbnl                          
010055c5  snprintf                         
01006a59  strchr                           
01006b25  strlen                           
20008894  targetTemp                       
20008890  task_timer                       
20008900  tasks                            
01004e11  temperatureResponse              
010070d4  timerCC32XXHWAttrs               
20008a18  timerCC32XXObjects               
01006d4d  timerCallback                    
20008880  txBuffer                         
20008888  uart                             
20008ed4  uartCC32XXObjects0               
01006b93  wcslen                           


GLOBAL SYMBOLS: SORTED BY Symbol Address 

address   name                             
-------   ----                             
00001000  __STACK_SIZE                     
00008000  __SYSMEM_SIZE                    
01000800  resetVectors                     
01000841  __TI_printfi                     
0100128f  Board_initHook                   
01001291  PRCMCC3200MCUInit                
010016bd  UARTCC32XX_open                  
01001d79  initI2C                          
01001f41  __aeabi_dsub                     
01001f4b  __aeabi_dadd                     
010020f7  I2C_init                         
010020f9  PowerCC32XX_sleepPolicy          
01002299  GPIO_setConfig                   
010027b9  Power_sleep                      
010028f1  Timer_open                       
01002a29  __aeabi_ddiv                     
01002b5f  I2C_transferTimeout              
01002c81  UARTCC32XX_close                 
01002ec1  aligned_alloc                    
01002ec1  memalign                         
01002fc1  I2C_open                         
010030bd  __aeabi_dmul                     
010031b9  UARTCC32XX_control               
010032ab  PowerCC32XX_initPolicy           
010032ad  readTemp                         
01003399  free                             
0100347d  ldexp                            
0100347d  ldexpl                           
0100347d  scalbn                           
0100347d  scalbnl                          
0100354d  UARTCC32XX_write                 
01003617  SemaphoreP_destruct              
010036d9  UARTCC32XX_readPolling           
01003793  Timer_init                       
01003c6d  IntEnable                        
01003d15  PowerCC32XX_configureWakeup      
01003dbd  initTasks                        
01003fa5  SemaphoreP_pend                  
010040e1  __aeabi_memcpy                   
010040e1  __aeabi_memcpy4                  
010040e1  __aeabi_memcpy8                  
010040e1  memcpy                           
0100417d  __aeabi_uldivmod                 
01004213  UARTCC32XX_init                  
01004215  GPIO_init                        
01004335  HwiP_construct                   
010043c1  IntPendSet                       
01004449  PinConfigSet                     
010044d1  __aeabi_cdcmpeq                  
010044d1  __aeabi_cdcmple                  
01004557  __aeabi_cdrcmple                 
010045dd  Power_init                       
010046e5  GPIO_write                       
01004765  Power_setDependency              
010048db  __aeabi_fmul                     
01004955  __aeabi_memclr                   
01004955  __aeabi_memclr4                  
01004955  __aeabi_memclr8                  
01004957  __aeabi_memset                   
01004957  __aeabi_memset4                  
01004957  __aeabi_memset8                  
0100495d  memset                           
01004abb  _nop                             
01004c0f  I2CSupport_primeTransfer         
01004c79  __TI_decompress_lzss             
01004ce1  UARTCC32XX_writeCancel           
01004d49  GPIO_setInterruptConfig          
01004dad  PowerCC32XX_setParkState         
01004e11  temperatureResponse              
01004e75  UARTCC32XX_writePolling          
01004ed7  clkFxn                           
01004ed9  GPIO_hwiIntFxn                   
01004f39  PRCMSysResetCauseGet             
01004f99  frexp                            
01004f99  frexpl                           
01005051  PRCMPeripheralReset              
010050a9  Power_releaseDependency          
01005101  reportResponse                   
010051af  __TI_ltoa                        
01005257  coolLEDResponse                  
01005259  runThermostat                    
010052ad  PowerCC32XX_resumeLPDS           
010053a5  ClockP_sysTickHandler            
010053f5  SemaphoreP_construct             
01005445  TimerCC32XX_allocateTimerResource
010054e1  PowerCC32XX_parkPin              
0100552d  atoi                             
010055c5  snprintf                         
01005611  FlashDisable                     
01005659  GPIO_disableInt                  
010056a1  GPIO_enableInt                   
010056e9  PRCMLPDSEnter                    
01005731  PRCMPeripheralClkEnable          
01005779  Power_releaseConstraint          
010057c1  initGPIO                         
01005809  initTimer                        
01005851  __aeabi_d2iz                     
01005899  RingBuf_put                      
01005925  ClockP_stop                      
01005969  PRCMLPDSRestoreInfoSet           
010059ad  PowerCC32XX_enterLPDS            
010059f1  SemaphoreP_post                  
01005a35  SwiP_restore                     
01005a79  Timer_start                      
01005abd  UART_init                        
01005b01  __TI_auto_init_nobinit_nopinit   
01005b45  ClockP_construct                 
01005b85  PinModeSet                       
01005bc5  RingBuf_get                      
01005c05  TimerSupport_timerEnable         
01005c45  Timer_close                      
01005c85  UARTCC32XX_read                  
01005cc5  UART_open                        
01005d05  lowerTempButtonReponse           
01005d45  raiseTempButtonReponse           
01005dc5  ClockP_destruct                  
01005e01  Power_setConstraint              
01005e3d  heatLEDResponse                  
01005e79  initUART                         
01005ef1  PRCMLPDSEnterKeepDebugIf         
01005f61  initVectors                      
01005fd1  __aeabi_f2iz                     
01006009  __aeabi_i2f                      
01006041  TimerControlStall                
01006077  Timer_stop                       
010060ad  UARTCC32XX_readCancel            
010060e3  __aeabi_idiv0                    
010060e3  __aeabi_ldiv0                    
010060e5  ClockP_getTicksUntilInterrupt    
01006119  ClockP_startup                   
0100614d  GPIO_read                        
01006181  PinModeGet                       
010061b5  PowerCC32XX_restoreParkState     
010061e9  TimerCC32XX_freeTimerResource    
01006251  createLowerTargetTempTimer       
01006285  createRaiseTargetTempTimer       
010062ed  ClockP_start                     
0100631d  PowerCC32XX_restoreParkedPin     
0100637d  __aeabi_i2d                      
010063ad  PowerCC32XX_getParkState         
010063d9  HwiP_create                      
01006403  TimerLoadSet                     
0100642d  TimerPrescaleSet                 
01006457  I2CFIFODataPutNonBlocking        
01006481  PRCMPeripheralClkDisable         
010064a9  Power_registerNotify             
010064f9  I2CFIFODataGetNonBlocking        
0100651f  I2C_cancel                       
01006545  List_put                         
0100656b  List_remove                      
01006591  HwiP_dispatch                    
010065b5  PowerCC32XX_reset                
010065d9  TimerSupport_timerDisable        
010065fd  _c_int00_noargs                  
01006621  I2CMasterSlaveAddrSet            
01006643  HwiP_destruct                    
01006665  Power_unregisterNotify           
01006685  RingBuf_peek                     
010066c5  I2CMasterIntStatusEx             
010066e3  SemaphoreP_constructBinary       
01006701  TimerDisable                     
0100671f  TimerEnable                      
0100673d  mainThread                       
0100675d  GPIO_setCallback                 
01006779  PinToPadGet                      
01006795  SwiP_disable                     
010067cd  memccpy                          
010067e9  ClockP_create                    
01006803  SemaphoreP_createBinary          
0100681d  resetISR                         
01006830  resetVectorAddr                  
01006837  I2CMasterBusBusy                 
0100684f  I2CMasterIntDisableEx            
01006867  I2CMasterIntEnableEx             
0100687f  I2CRxFIFOFlush                   
01006897  I2CTxFIFOFlush                   
010068b1  Power_getTransitionLatency       
010068c9  Power_idleFunc                   
010068e1  TimerIntDisable                  
010068f9  TimerIntEnable                   
01006911  Timer_getCount                   
01006929  UARTBusy                         
01006941  UARTIntEnable                    
01006959  UART_Params_init                 
01006989  getLowerTargetTempTimer          
010069a1  getRaiseTargetTempTimer          
010069b9  lowerTempButtonPress             
010069d1  raiseTempButtonPress             
010069e9  __aeabi_lmul                     
01006a01  I2CMasterBurstLengthSet          
01006a17  PRCMHIBRegRead                   
01006a2d  PRCMHIBRegWrite                  
01006a43  SemaphoreP_create                
01006a59  strchr                           
01006a6f  Board_init                       
01006a83  CPUcpsid                         
01006a99  HwiP_inISR                       
01006aad  I2CSupport_masterFinish          
01006ac1  I2C_transfer                     
01006ad5  IntVTableBaseSet                 
01006ae9  Power_disablePolicy              
01006afd  Power_getDependencyCount         
01006b25  strlen                           
01006b39  HwiP_Params_init                 
01006b4b  I2CMasterIntClearEx              
01006b5d  RingBuf_construct                
01006b6f  TimerIntClear                    
01006b81  main                             
01006b93  wcslen                           
01006ba5  ClockP_add                       
01006bb5  ClockP_delete                    
01006bc5  ClockP_getCpuFreq                
01006bd5  ClockP_getSystemTicks            
01006be5  ClockP_setTicks                  
01006bf5  HwiP_delete                      
01006c05  HwiP_restore                     
01006c15  I2CFIFOStatus                    
01006c25  I2C_Params_init                  
01006c35  Power_enablePolicy               
01006c45  SemaphoreP_Params_init           
01006c55  Timer_Params_init                
01006c65  lowerTemperature                 
01006c75  raiseTemperature                 
01006c95  HwiP_clearInterrupt              
01006ca3  HwiP_disable                     
01006cb1  HwiP_disableInterrupt            
01006cbf  HwiP_enable                      
01006cbf  NoRTOS_start                     
01006ccd  HwiP_enableInterrupt             
01006ce9  RingBuf_isFull                   
01006cf7  __TI_decompress_none             
01006d11  Power_getConstraintMask          
01006d1d  copysign                         
01006d1d  copysignl                        
01006d29  __TI_zero_init                   
01006d4d  timerCallback                    
01006d59  ClockP_Params_init               
01006d63  ClockP_isActive                  
01006d6d  IntMasterDisable                 
01006d77  UART_write                       
01006d89  __aeabi_errno_addr               
01006d91  heatLEDOff                       
01006d99  heatLEDOn                        
01006da1  malloc                           
01006db9  I2CSupport_powerRelConstraint    
01006dbf  I2CSupport_powerSetConstraint    
01006dc5  UtilsDelay                       
01006dcb  ClockP_doTick                    
01006dcf  ClockP_setTimeout                
01006dd3  HwiP_post                        
01006dd7  SemaphoreP_delete                
01006ddb  _system_pre_init                 
01006ddf  C$$EXIT                          
01006ddf  abort                            
01006de4  _ctypes_                         
01007090  PowerCC32XX_config               
010070d4  timerCC32XXHWAttrs               
01007104  UARTCC32XX_fxnTable              
01007154  UART_defaultParams               
010071e0  Timer_config                     
01007240  i2cCC32XXHWAttrs                 
01007268  GPIO_config                      
01007278  I2C_defaultParams                
010072a8  GPIO_pinLowerBound               
010072a9  GPIO_pinUpperBound               
010072aa  CONFIG_GPIO_BUTTON_0_CONST       
010072ab  CONFIG_GPIO_BUTTON_1_CONST       
010072ac  CONFIG_GPIO_LED_0_CONST          
010072ad  CONFIG_I2C_0_CONST               
010072ae  I2C_count                        
010072af  CONFIG_TIMER_0_CONST             
010072b0  CONFIG_TIMER_1_CONST             
010072b1  CONFIG_TIMER_2_CONST             
010072b2  Timer_count                      
010072b3  CONFIG_UART_0_CONST              
010072b4  UART_count                       
010072c4  UART_config                      
010072e8  I2C_config                       
010072f8  __TI_static_base__               
010073d0  __TI_Handler_Table_Base          
010073dc  __TI_Handler_Table_Limit         
010073e8  __TI_CINIT_Base                  
010073f8  __TI_CINIT_Limit                 
20000000  __start___llvm_prf_cnts          
20000000  __stop___llvm_prf_cnts           
20000310  _sys_memory                      
2000861c  PowerCC32XX_module               
20008788  parkInfo                         
20008880  txBuffer                         
20008881  cooling                          
20008882  heating                          
20008883  rxBuffer                         
20008888  uart                             
2000888c  i2c                              
20008890  task_timer                       
20008894  targetTemp                       
20008898  lower_target_temp_timer          
2000889c  raise_target_temp_timer          
200088a0  i2cTransaction                   
200088c0  output                           
20008900  tasks                            
20008960  gpioPinConfigs                   
200089e4  _lock                            
200089e8  _unlock                          
200089f4  SemaphoreP_defaultParams         
200089fc  HwiP_key                         
20008a00  HwiP_swiPIntNum                  
20008a04  TimerFlag                        
20008a05  ReportState                      
20008a06  CoolLEDState                     
20008a07  HeatLEDState                     
20008a08  ThermState                       
20008a0c  ClockP_tickPeriod                
20008a14  errno                            
20008a18  timerCC32XXObjects               
20008ba4  PowerCC32XX_contextSave          
20008cd0  i2cCC32XXObjects                 
20008dcc  gpioCallbackFunctions            
20008e50  gpioUserArgs                     
20008ed4  uartCC32XXObjects0               
20008f90  ClockP_ctrl                      
20008fad  lowerTempButtonPressed           
20008fae  raiseTempButtonPressed           
2003f000  __stack                          
20040000  __STACK_END                      
ffffffff  __TI_pprof_out_hndl              
ffffffff  __TI_prof_data_size              
ffffffff  __TI_prof_data_start             
ffffffff  __binit__                        
ffffffff  __c_args__                       
ffffffff  binit                            
UNDEFED   ITM_flush                        
UNDEFED   ITM_restore                      
UNDEFED   __mpu_init                       
UNDEFED   _system_post_cinit               

[335 symbols]
